#
# There is insufficient memory for the Java Runtime Environment to continue.
# Native memory allocation (malloc) failed to allocate 1435752 bytes. Error detail: Chunk::new
# Possible reasons:
#   The system is out of physical RAM or swap space
#   This process is running with CompressedOops enabled, and the Java Heap may be blocking the growth of the native heap
# Possible solutions:
#   Reduce memory load on the system
#   Increase physical memory or swap space
#   Check if swap backing store is full
#   Decrease Java heap size (-Xmx/-Xms)
#   Decrease number of Java threads
#   Decrease Java thread stack sizes (-Xss)
#   Set larger code cache with -XX:ReservedCodeCacheSize=
#   JVM is running with Zero Based Compressed Oops mode in which the Java heap is
#     placed in the first 32GB address space. The Java Heap base address is the
#     maximum limit for the native heap growth. Please use -XX:HeapBaseMinAddress
#     to set the Java Heap base and to place the Java Heap above 32GB virtual address.
# This output file may be truncated or incomplete.
#
#  Out of Memory Error (arena.cpp:186), pid=16872, tid=6088
#
# JRE version: OpenJDK Runtime Environment (25.0.2) (build 25.0.2+-15348964-b329.117)
# Java VM: OpenJDK 64-Bit Server VM (25.0.2+-15348964-b329.117, mixed mode, tiered, compressed oops, compressed class ptrs, g1 gc, windows-amd64)
# No core dump will be written. Minidumps are not enabled by default on client versions of Windows
#

---------------  S U M M A R Y ------------

Command Line: --add-opens=java.base/java.lang=ALL-UNNAMED --add-opens=java.base/java.lang.invoke=ALL-UNNAMED --add-opens=java.base/java.util=ALL-UNNAMED --add-opens=java.prefs/java.util.prefs=ALL-UNNAMED --add-exports=jdk.compiler/com.sun.tools.javac.api=ALL-UNNAMED --add-exports=jdk.compiler/com.sun.tools.javac.util=ALL-UNNAMED --add-opens=java.base/java.nio.charset=ALL-UNNAMED --add-opens=java.base/java.net=ALL-UNNAMED --add-opens=java.base/java.util.concurrent=ALL-UNNAMED --add-opens=java.base/java.util.concurrent.atomic=ALL-UNNAMED --add-opens=java.xml/javax.xml.namespace=ALL-UNNAMED --add-opens=java.base/java.time=ALL-UNNAMED --enable-native-access=ALL-UNNAMED -Xmx3072m -Dfile.encoding=UTF-8 -Duser.country=IN -Duser.language=en -Duser.variant -javaagent:C:\Users\Nitin Jain\.gradle\wrapper\dists\gradle-9.5.0-bin\bvnork1r7n8i6kp5cnkibsc9q\gradle-9.5.0\lib\agents\gradle-instrumentation-agent-9.5.0.jar org.gradle.launcher.daemon.bootstrap.GradleDaemon 9.5.0

Host: Intel(R) Core(TM) i3-8145U CPU @ 2.10GHz, 4 cores, 3G,  Windows 11 , 64 bit Build 26100 (10.0.26100.8972)
Time: Thu Aug 13 19:55:48 2026 India Standard Time elapsed time: 27.177577 seconds (0d 0h 0m 27s)

---------------  T H R E A D  ---------------

Current thread (0x000002a4ad8647c0):  JavaThread "C2 CompilerThread0" daemon [_thread_in_native, id=6088, stack(0x000000b267000000,0x000000b267100000) (1024K)]


Current CompileTask:
C2:27177 4547   !   4       java.util.zip.InflaterInputStream::read (129 bytes)

Stack: [0x000000b267000000,0x000000b267100000]
Native frames: (J=compiled Java code, j=interpreted, Vv=VM code, C=native code)
V  [jvm.dll+0x7bd439]  (no source info available)
V  [jvm.dll+0x78763d]  (no source info available)
V  [jvm.dll+0xa0c885]  (no source info available)
V  [jvm.dll+0xa0ef04]  (no source info available)
V  [jvm.dll+0xa0f603]  (no source info available)
V  [jvm.dll+0x309bf6]  (no source info available)
V  [jvm.dll+0x10ea69]  (no source info available)
V  [jvm.dll+0x10ed92]  (no source info available)
V  [jvm.dll+0x45d95f]  (no source info available)
V  [jvm.dll+0x42bd4b]  (no source info available)
V  [jvm.dll+0x42b17a]  (no source info available)
V  [jvm.dll+0x2cdea2]  (no source info available)
V  [jvm.dll+0x2cd221]  (no source info available)
V  [jvm.dll+0x242ffa]  (no source info available)
V  [jvm.dll+0x2dcc05]  (no source info available)
V  [jvm.dll+0x2dae06]  (no source info available)
V  [jvm.dll+0x49b59e]  (no source info available)
V  [jvm.dll+0x9ab9c8]  (no source info available)
V  [jvm.dll+0x7bb985]  (no source info available)
C  [ucrtbase.dll+0x2cd30]  (no source info available)
C  [KERNEL32.DLL+0x2ccb7]  (no source info available)
C  [ntdll.dll+0xaad6c]  (no source info available)

Lock stack of current Java thread (top to bottom):


---------------  P R O C E S S  ---------------

Threads class SMR info:
_java_thread_list=0x000002a4b575b5f0, length=35, elements={
0x000002a495190a40, 0x000002a4ad84ecc0, 0x000002a4ad85a0e0, 0x000002a4ad85aca0,
0x000002a4ad866080, 0x000002a4ad866c40, 0x000002a4ad86b810, 0x000002a4ad86c3d0,
0x000002a4ad8647c0, 0x000002a4ad864fd0, 0x000002a4adce4140, 0x000002a4b2290b10,
0x000002a4b4b48800, 0x000002a4b4aab200, 0x000002a4b4b278a0, 0x000002a4b4b1b720,
0x000002a4ad88cd80, 0x000002a4b4afae70, 0x000002a4b4afbe10, 0x000002a4b4af8760,
0x000002a4b4af8f30, 0x000002a4b4af9700, 0x000002a4b4afd580, 0x000002a4b4afdd50,
0x000002a4b4f037e0, 0x000002a4b4f02070, 0x000002a4b4f04f50, 0x000002a4b4f05ef0,
0x000002a4b4f07660, 0x000002a4b4f07e30, 0x000002a4b4f095a0, 0x000002a4b5bded50,
0x000002a4b5bde580, 0x000002a4b5bdd5e0, 0x000002a4b2e7a360
}

Java Threads: ( => current thread )
  0x000002a495190a40 JavaThread "main"                              [_thread_blocked, id=11252, stack(0x000000b266100000,0x000000b266200000) (1024K)]
  0x000002a4ad84ecc0 JavaThread "Common-Cleaner"             daemon [_thread_blocked, id=14484, stack(0x000000b266900000,0x000000b266a00000) (1024K)]
  0x000002a4ad85a0e0 JavaThread "Reference Handler"          daemon [_thread_blocked, id=18476, stack(0x000000b266a00000,0x000000b266b00000) (1024K)]
  0x000002a4ad85aca0 JavaThread "Finalizer"                  daemon [_thread_blocked, id=14832, stack(0x000000b266b00000,0x000000b266c00000) (1024K)]
  0x000002a4ad866080 JavaThread "Signal Dispatcher"          daemon [_thread_blocked, id=15888, stack(0x000000b266c00000,0x000000b266d00000) (1024K)]
  0x000002a4ad866c40 JavaThread "Attach Listener"            daemon [_thread_blocked, id=15836, stack(0x000000b266d00000,0x000000b266e00000) (1024K)]
  0x000002a4ad86b810 JavaThread "Service Thread"             daemon [_thread_blocked, id=18076, stack(0x000000b266e00000,0x000000b266f00000) (1024K)]
  0x000002a4ad86c3d0 JavaThread "Monitor Deflation Thread"   daemon [_thread_blocked, id=10852, stack(0x000000b266f00000,0x000000b267000000) (1024K)]
=>0x000002a4ad8647c0 JavaThread "C2 CompilerThread0"         daemon [_thread_in_native, id=6088, stack(0x000000b267000000,0x000000b267100000) (1024K)]
  0x000002a4ad864fd0 JavaThread "C1 CompilerThread0"         daemon [_thread_blocked, id=18872, stack(0x000000b267100000,0x000000b267200000) (1024K)]
  0x000002a4adce4140 JavaThread "Notification Thread"        daemon [_thread_blocked, id=15972, stack(0x000000b267200000,0x000000b267300000) (1024K)]
  0x000002a4b2290b10 JavaThread "Daemon health stats"               [_thread_blocked, id=12528, stack(0x000000b267600000,0x000000b267700000) (1024K)]
  0x000002a4b4b48800 JavaThread "Incoming local TCP Connector on port 64306"        [_thread_in_native, id=17744, stack(0x000000b267700000,0x000000b267800000) (1024K)]
  0x000002a4b4aab200 JavaThread "Daemon periodic checks"            [_thread_blocked, id=17788, stack(0x000000b267800000,0x000000b267900000) (1024K)]
  0x000002a4b4b278a0 JavaThread "Daemon"                            [_thread_blocked, id=14636, stack(0x000000b267900000,0x000000b267a00000) (1024K)]
  0x000002a4b4b1b720 JavaThread "Handler for socket connection from /127.0.0.1:64306 to /127.0.0.1:64308"        [_thread_in_native, id=14696, stack(0x000000b267a00000,0x000000b267b00000) (1024K)]
  0x000002a4ad88cd80 JavaThread "Cancel handler"                    [_thread_blocked, id=17900, stack(0x000000b267b00000,0x000000b267c00000) (1024K)]
  0x000002a4b4afae70 JavaThread "Daemon worker"                     [_thread_in_vm, id=15348, stack(0x000000b267c00000,0x000000b267d00000) (1024K)]
  0x000002a4b4afbe10 JavaThread "Asynchronous log dispatcher for DefaultDaemonConnection: socket connection from /127.0.0.1:64306 to /127.0.0.1:64308"        [_thread_blocked, id=13868, stack(0x000000b267d00000,0x000000b267e00000) (1024K)]
  0x000002a4b4af8760 JavaThread "Stdin handler"                     [_thread_blocked, id=12364, stack(0x000000b267e00000,0x000000b267f00000) (1024K)]
  0x000002a4b4af8f30 JavaThread "Daemon client event forwarder"        [_thread_blocked, id=12240, stack(0x000000b267f00000,0x000000b268000000) (1024K)]
  0x000002a4b4af9700 JavaThread "Cache worker for journal cache (C:\Users\Nitin Jain\.gradle\caches\journal-1)"        [_thread_blocked, id=1500, stack(0x000000b268000000,0x000000b268100000) (1024K)]
  0x000002a4b4afd580 JavaThread "File lock request listener"        [_thread_in_native, id=19120, stack(0x000000b268100000,0x000000b268200000) (1024K)]
  0x000002a4b4afdd50 JavaThread "Cache worker for file hash cache (C:\Users\Nitin Jain\.gradle\caches\9.5.0\fileHashes)"        [_thread_blocked, id=18436, stack(0x000000b268200000,0x000000b268300000) (1024K)]
  0x000002a4b4f037e0 JavaThread "Cache worker for file hash cache (D:\Projects\Stockbreak\MyApplication\.gradle\9.5.0\fileHashes)"        [_thread_blocked, id=4800, stack(0x000000b268300000,0x000000b268400000) (1024K)]
  0x000002a4b4f02070 JavaThread "Cache worker for checksums cache (D:\Projects\Stockbreak\MyApplication\.gradle\9.5.0\checksums)"        [_thread_blocked, id=13784, stack(0x000000b268400000,0x000000b268500000) (1024K)]
  0x000002a4b4f04f50 JavaThread "Cache worker for Build Output Cleanup Cache (D:\Projects\Stockbreak\MyApplication\.gradle\buildOutputCleanup)"        [_thread_blocked, id=14612, stack(0x000000b268500000,0x000000b268600000) (1024K)]
  0x000002a4b4f05ef0 JavaThread "Cache worker for file content cache (C:\Users\Nitin Jain\.gradle\caches\9.5.0\fileContent)"        [_thread_blocked, id=10856, stack(0x000000b268600000,0x000000b268700000) (1024K)]
  0x000002a4b4f07660 JavaThread "File watcher server"        daemon [_thread_in_native, id=17792, stack(0x000000b268700000,0x000000b268800000) (1024K)]
  0x000002a4b4f07e30 JavaThread "File watcher consumer"      daemon [_thread_blocked, id=19252, stack(0x000000b268800000,0x000000b268900000) (1024K)]
  0x000002a4b4f095a0 JavaThread "Cache worker for cache directory md-supplier (C:\Users\Nitin Jain\.gradle\caches\9.5.0\md-supplier)"        [_thread_blocked, id=1352, stack(0x000000b268900000,0x000000b268a00000) (1024K)]
  0x000002a4b5bded50 JavaThread "Cache worker for cache directory md-rule (C:\Users\Nitin Jain\.gradle\caches\9.5.0\md-rule)"        [_thread_blocked, id=17616, stack(0x000000b268a00000,0x000000b268b00000) (1024K)]
  0x000002a4b5bde580 JavaThread "jar transforms"                    [_thread_blocked, id=17728, stack(0x000000b268b00000,0x000000b268c00000) (1024K)]
  0x000002a4b5bdd5e0 JavaThread "jar transforms Thread 2"           [_thread_blocked, id=17932, stack(0x000000b268c00000,0x000000b268d00000) (1024K)]
  0x000002a4b2e7a360 JavaThread "C2 CompilerThread1"         daemon [_thread_in_native, id=8436, stack(0x000000b268d00000,0x000000b268e00000) (1024K)]
Total: 35

Other Threads:
  0x000002a4ad804d00 VMThread "VM Thread"                           [id=7612, stack(0x000000b266800000,0x000000b266900000) (1024K)]
  0x000002a4ad7e5ce0 WatcherThread "VM Periodic Task Thread"        [id=17148, stack(0x000000b266700000,0x000000b266800000) (1024K)]
  0x000002a4951e6080 WorkerThread "GC Thread#0"                     [id=15808, stack(0x000000b266200000,0x000000b266300000) (1024K)]
  0x000002a4b2dea100 WorkerThread "GC Thread#1"                     [id=18612, stack(0x000000b267300000,0x000000b267400000) (1024K)]
  0x000002a4b2dc4190 WorkerThread "GC Thread#2"                     [id=17480, stack(0x000000b267400000,0x000000b267500000) (1024K)]
  0x000002a4b2dc69f0 WorkerThread "GC Thread#3"                     [id=17008, stack(0x000000b267500000,0x000000b267600000) (1024K)]
  0x000002a495218040 ConcurrentGCThread "G1 Main Marker"            [id=11360, stack(0x000000b266300000,0x000000b266400000) (1024K)]
  0x000002a495219380 WorkerThread "G1 Conc#0"                       [id=19236, stack(0x000000b266400000,0x000000b266500000) (1024K)]
  0x000002a495240ed0 ConcurrentGCThread "G1 Refine#0"               [id=6440, stack(0x000000b266500000,0x000000b266600000) (1024K)]
  0x000002a4952439f0 ConcurrentGCThread "G1 Service"                [id=1540, stack(0x000000b266600000,0x000000b266700000) (1024K)]
Total: 10

Threads with active compile tasks:
C2 CompilerThread0  27535 4547   !   4       java.util.zip.InflaterInputStream::read (129 bytes)
C2 CompilerThread1  27535 4583  s    4       jdk.internal.loader.Resource::cachedInputStream (20 bytes)
Total: 2

VM state: not at safepoint (normal execution)

VM Mutex/Monitor currently owned by a thread: None

Heap address: 0x0000000740000000, size: 3072 MB, Compressed Oops mode: Zero based, Oop shift amount: 3

CDS archive(s) not mapped
Compressed class space mapped at: 0x000000000d000000-0x000000004d000000, reserved size: 1073741824
UseCompressedClassPointers 1, UseCompactObjectHeaders 0
Narrow klass pointer bits 32, Max shift 3
Narrow klass base: 0x0000000000000000, Narrow klass shift: 0
Encoding Range: [0x0000000000000000 - 0x0000000100000000), (4294967296 bytes)
Klass Range:    [0x000000000d000000 - 0x000000004d000000), (1073741824 bytes)
Klass ID Range:  [218103808 - 1291845625) (1073741817)
No protection zone.

GC Precious Log:
 CardTable entry size: 512
 Card Set container configuration: InlinePtr #cards 4 size 8 Array Of Cards #cards 16 size 48 Howl #buckets 8 coarsen threshold 3686 Howl Bitmap #cards 512 size 80 coarsen threshold 460 Card regions per heap region 1 cards per card region 4096
 CPUs: 4 total, 4 available
 Memory: 3906M
 Large Page Support: Disabled
 NUMA Support: Disabled
 Compressed Oops: Enabled (Zero based)
 Heap Region Size: 2M
 Heap Min Capacity: 8M
 Heap Initial Capacity: 62M
 Heap Max Capacity: 3G
 Pre-touch: Disabled
 Parallel Workers: 4
 Concurrent Workers: 1
 Concurrent Refinement Workers: 4
 Periodic GC: Disabled

Heap:
 garbage-first heap   total reserved 3145728K, committed 63488K, used 45492K [0x0000000740000000, 0x0000000800000000)
  region size 2048K, 11 young (22528K), 2 survivors (4096K)

Heap Regions: E=young(eden), S=young(survivor), O=old, HS=humongous(starts), HC=humongous(continues), CS=collection set, F=free, TAMS=top-at-mark-start, PB=parsable bottom
|   0|0x0000000740000000, 0x0000000740200000, 0x0000000740200000|100%|HS|  |TAMS 0x0000000740000000| PB 0x0000000740000000| Complete |  0
|   1|0x0000000740200000, 0x0000000740400000, 0x0000000740400000|100%|HC|  |TAMS 0x0000000740200000| PB 0x0000000740200000| Complete |  0
|   2|0x0000000740400000, 0x0000000740600000, 0x0000000740600000|100%| O|  |TAMS 0x0000000740400000| PB 0x0000000740400000| Untracked |  0
|   3|0x0000000740600000, 0x0000000740800000, 0x0000000740800000|100%| O|  |TAMS 0x0000000740600000| PB 0x0000000740600000| Untracked |  0
|   4|0x0000000740800000, 0x0000000740a00000, 0x0000000740a00000|100%| O|  |TAMS 0x0000000740800000| PB 0x0000000740800000| Untracked |  0
|   5|0x0000000740a00000, 0x0000000740c00000, 0x0000000740c00000|100%| O|  |TAMS 0x0000000740a00000| PB 0x0000000740a00000| Untracked |  0
|   6|0x0000000740c00000, 0x0000000740e00000, 0x0000000740e00000|100%| O|  |TAMS 0x0000000740c00000| PB 0x0000000740c00000| Untracked |  0
|   7|0x0000000740e00000, 0x0000000741000000, 0x0000000741000000|100%| O|  |TAMS 0x0000000740e00000| PB 0x0000000740e00000| Untracked |  0
|   8|0x0000000741000000, 0x0000000741200000, 0x0000000741200000|100%| O|  |TAMS 0x0000000741000000| PB 0x0000000741000000| Untracked |  0
|   9|0x0000000741200000, 0x0000000741400000, 0x0000000741400000|100%| O|  |TAMS 0x0000000741200000| PB 0x0000000741200000| Untracked |  0
|  10|0x0000000741400000, 0x00000007415b3a08, 0x0000000741600000| 85%| O|  |TAMS 0x0000000741400000| PB 0x0000000741400000| Untracked |  0
|  11|0x0000000741600000, 0x0000000741800000, 0x0000000741800000|100%| O|  |TAMS 0x0000000741600000| PB 0x0000000741600000| Untracked |  0
|  12|0x0000000741800000, 0x0000000741a00000, 0x0000000741a00000|100%| O|  |TAMS 0x0000000741800000| PB 0x0000000741800000| Untracked |  0
|  13|0x0000000741a00000, 0x0000000741c00000, 0x0000000741c00000|100%| O|  |TAMS 0x0000000741a00000| PB 0x0000000741a00000| Untracked |  0
|  14|0x0000000741c00000, 0x0000000741c00000, 0x0000000741e00000|  0%| F|  |TAMS 0x0000000741c00000| PB 0x0000000741c00000| Untracked |  0
|  15|0x0000000741e00000, 0x0000000741e00000, 0x0000000742000000|  0%| F|  |TAMS 0x0000000741e00000| PB 0x0000000741e00000| Untracked |  0
|  16|0x0000000742000000, 0x0000000742000000, 0x0000000742200000|  0%| F|  |TAMS 0x0000000742000000| PB 0x0000000742000000| Untracked |  0
|  17|0x0000000742200000, 0x00000007422b96b0, 0x0000000742400000| 36%| S|CS|TAMS 0x0000000742200000| PB 0x0000000742200000| Complete |  0
|  18|0x0000000742400000, 0x0000000742600000, 0x0000000742600000|100%| S|CS|TAMS 0x0000000742400000| PB 0x0000000742400000| Complete |  0
|  19|0x0000000742600000, 0x0000000742600000, 0x0000000742800000|  0%| F|  |TAMS 0x0000000742600000| PB 0x0000000742600000| Untracked |  0
|  20|0x0000000742800000, 0x0000000742800000, 0x0000000742a00000|  0%| F|  |TAMS 0x0000000742800000| PB 0x0000000742800000| Untracked |  0
|  21|0x0000000742a00000, 0x0000000742a00000, 0x0000000742c00000|  0%| F|  |TAMS 0x0000000742a00000| PB 0x0000000742a00000| Untracked |  0
|  22|0x0000000742c00000, 0x0000000742d9ac10, 0x0000000742e00000| 80%| E|  |TAMS 0x0000000742c00000| PB 0x0000000742c00000| Complete |  0
|  23|0x0000000742e00000, 0x0000000743000000, 0x0000000743000000|100%| E|CS|TAMS 0x0000000742e00000| PB 0x0000000742e00000| Complete |  0
|  24|0x0000000743000000, 0x0000000743200000, 0x0000000743200000|100%| E|  |TAMS 0x0000000743000000| PB 0x0000000743000000| Complete |  0
|  25|0x0000000743200000, 0x0000000743400000, 0x0000000743400000|100%| E|CS|TAMS 0x0000000743200000| PB 0x0000000743200000| Complete |  0
|  26|0x0000000743400000, 0x0000000743600000, 0x0000000743600000|100%| E|CS|TAMS 0x0000000743400000| PB 0x0000000743400000| Complete |  0
|  27|0x0000000743600000, 0x0000000743800000, 0x0000000743800000|100%| E|CS|TAMS 0x0000000743600000| PB 0x0000000743600000| Complete |  0
|  28|0x0000000743800000, 0x0000000743a00000, 0x0000000743a00000|100%| E|CS|TAMS 0x0000000743800000| PB 0x0000000743800000| Complete |  0
|  29|0x0000000743a00000, 0x0000000743c00000, 0x0000000743c00000|100%| E|CS|TAMS 0x0000000743a00000| PB 0x0000000743a00000| Complete |  0
|  30|0x0000000743c00000, 0x0000000743e00000, 0x0000000743e00000|100%| E|CS|TAMS 0x0000000743c00000| PB 0x0000000743c00000| Complete |  0

Card table byte_map: [0x000002a4a7c80000,0x000002a4a8280000] _byte_map_base: 0x000002a4a4280000

Marking Bits: (CMBitMap*) 0x000002a4951e7820
 Bits: [0x000002a4a8280000, 0x000002a4ab280000)

Polling page: 0x000002a492f70000

Metaspace:
Metaspace        used 51920K, committed 53248K, reserved 1114112K
 class space     used 7475K, committed 8128K, reserved 1048576K

Usage:
  Non-class:     43.40 MB used.
      Class:      7.30 MB used.
       Both:     50.70 MB used.

Virtual space:
  Non-class space:       64.00 MB reserved,      44.06 MB ( 69%) committed,  1 nodes.
      Class space:        1.00 GB reserved,       7.94 MB ( <1%) committed,  1 nodes.
             Both:        1.06 GB reserved,      52.00 MB (  5%) committed. 

Chunk freelists:
   Non-Class:  3.38 MB
       Class:  8.03 MB
        Both:  11.41 MB

MaxMetaspaceSize: unlimited
CompressedClassSpaceSize: 1.00 GB
Initial GC threshold: 21.00 MB
Current GC threshold: 82.19 MB
CDS: off
 - commit_granule_bytes: 65536.
 - commit_granule_words: 8192.
 - virtual_space_node_default_size: 8388608.
 - enlarge_chunks_in_place: 1.
UseCompressedClassPointers 1, UseCompactObjectHeaders 0
Narrow klass pointer bits 32, Max shift 3
Narrow klass base: 0x0000000000000000, Narrow klass shift: 0
Encoding Range: [0x0000000000000000 - 0x0000000100000000), (4294967296 bytes)
Klass Range:    [0x000000000d000000 - 0x000000004d000000), (1073741824 bytes)
Klass ID Range:  [218103808 - 1291845625) (1073741817)
No protection zone.


Internal statistics:

num_allocs_failed_limit: 6.
num_arena_births: 2636.
num_arena_deaths: 0.
num_vsnodes_births: 2.
num_vsnodes_deaths: 0.
num_space_committed: 835.
num_space_uncommitted: 0.
num_chunks_returned_to_freelist: 6.
num_chunks_taken_from_freelist: 4574.
num_chunk_merges: 6.
num_chunk_splits: 2991.
num_chunks_enlarged: 1878.
num_inconsistent_stats: 0.

CodeHeap 'non-profiled nmethods': size=120064Kb used=1833Kb max_used=1858Kb free=118230Kb
 bounds [0x000002a4a0140000, 0x000002a4a03b0000, 0x000002a4a7680000]
CodeHeap 'profiled nmethods': size=120000Kb used=5860Kb max_used=6247Kb free=114139Kb
 bounds [0x000002a498680000, 0x000002a498ca0000, 0x000002a49fbb0000]
CodeHeap 'non-nmethods': size=5696Kb used=1871Kb max_used=1871Kb free=3824Kb
 bounds [0x000002a49fbb0000, 0x000002a49fe20000, 0x000002a4a0140000]
CodeCache: size=245760Kb, used=9564Kb, max_used=9976Kb, free=236193Kb
 total_blobs=4750, nmethods=4008, adapters=644, full_count=0
Compilation: enabled, stopped_count=0, restarted_count=0

Compilation events (20 events):
Event: 26.920 Thread 0x000002a4ad864fd0 4581       3       java.lang.Class::getMethod0 (32 bytes)
Event: 26.920 Thread 0x000002a4ad864fd0 nmethod 4581 0x000002a4987e9908 code [0x000002a4987e9a00, 0x000002a4987e9c88]
Event: 26.925 Thread 0x000002a4ad864fd0 4582       3       org.gradle.internal.instantiation.generator.AbstractClassGenerator::isNameProperty (46 bytes)
Event: 26.926 Thread 0x000002a4ad864fd0 nmethod 4582 0x000002a498808c08 code [0x000002a498808d00, 0x000002a498809a70]
Event: 26.929 Thread 0x000002a4b2e7a360 nmethod 4575 0x000002a4a0230288 code [0x000002a4a0230380, 0x000002a4a0231030]
Event: 26.929 Thread 0x000002a4b2e7a360 4551       4       java.io.BufferedInputStream::getBufIfOpen (6 bytes)
Event: 26.932 Thread 0x000002a4b2e7a360 nmethod 4551 0x000002a4a0289508 code [0x000002a4a0289600, 0x000002a4a0289928]
Event: 26.932 Thread 0x000002a4b2e7a360 4583  s    4       jdk.internal.loader.Resource::cachedInputStream (20 bytes)
Event: 26.962 Thread 0x000002a4ad864fd0 4585       2       jdk.internal.loader.URLClassPath$JarLoader$1::getBytes (48 bytes)
Event: 26.963 Thread 0x000002a4ad864fd0 nmethod 4585 0x000002a4987ec488 code [0x000002a4987ec580, 0x000002a4987ec890]
Event: 26.964 Thread 0x000002a4ad864fd0 4586       3       java.lang.String::regionMatches (150 bytes)
Event: 26.965 Thread 0x000002a4ad864fd0 nmethod 4586 0x000002a4987ca388 code [0x000002a4987ca480, 0x000002a4987caf48]
Event: 26.997 Thread 0x000002a4ad864fd0 4587       3       java.lang.StringLatin1::regionMatchesCI (45 bytes)
Event: 26.997 Thread 0x000002a4ad864fd0 nmethod 4587 0x000002a49881b208 code [0x000002a49881b300, 0x000002a49881b5a8]
Event: 27.013 Thread 0x000002a4ad864fd0 4589   !   3       java.net.URL::<init> (523 bytes)
Event: 27.020 Thread 0x000002a4ad864fd0 nmethod 4589 0x000002a4987ce788 code [0x000002a4987ce880, 0x000002a4987d2728]
Event: 27.048 Thread 0x000002a4ad864fd0 4590       3       java.lang.ClassLoader::getClassLoadingLock (35 bytes)
Event: 27.049 Thread 0x000002a4ad864fd0 nmethod 4590 0x000002a4989d1e88 code [0x000002a4989d1f80, 0x000002a4989d22c0]
Event: 27.059 Thread 0x000002a4ad864fd0 4591   !   2       jdk.internal.loader.Resource::getBytes (170 bytes)
Event: 27.061 Thread 0x000002a4ad864fd0 nmethod 4591 0x000002a4986b9f08 code [0x000002a4986ba000, 0x000002a4986ba730]

GC Heap Usage History (20 events):
Event: 8.123 {heap Before GC invocations=3 (full 0):
 garbage-first heap   total reserved 3145728K, committed 63488K, used 41168K [0x0000000740000000, 0x0000000800000000)
  region size 2048K, 14 young (28672K), 2 survivors (4096K)
}
Event: 8.133 {heap After GC invocations=4 (full 0):
 garbage-first heap   total reserved 3145728K, committed 63488K, used 19232K [0x0000000740000000, 0x0000000800000000)
  region size 2048K, 2 young (4096K), 2 survivors (4096K)
}
Event: 9.561 {heap Before GC invocations=4 (full 0):
 garbage-first heap   total reserved 3145728K, committed 63488K, used 29472K [0x0000000740000000, 0x0000000800000000)
  region size 2048K, 8 young (16384K), 2 survivors (4096K)
}
Event: 9.575 {heap After GC invocations=5 (full 0):
 garbage-first heap   total reserved 3145728K, committed 63488K, used 20560K [0x0000000740000000, 0x0000000800000000)
  region size 2048K, 2 young (4096K), 2 survivors (4096K)
}
Event: 13.714 {heap Before GC invocations=6 (full 0):
 garbage-first heap   total reserved 3145728K, committed 63488K, used 47184K [0x0000000740000000, 0x0000000800000000)
  region size 2048K, 15 young (30720K), 2 survivors (4096K)
}
Event: 13.731 {heap After GC invocations=7 (full 0):
 garbage-first heap   total reserved 3145728K, committed 63488K, used 22050K [0x0000000740000000, 0x0000000800000000)
  region size 2048K, 2 young (4096K), 2 survivors (4096K)
}
Event: 18.001 {heap Before GC invocations=7 (full 0):
 garbage-first heap   total reserved 3145728K, committed 63488K, used 48674K [0x0000000740000000, 0x0000000800000000)
  region size 2048K, 15 young (30720K), 2 survivors (4096K)
}
Event: 18.017 {heap After GC invocations=8 (full 0):
 garbage-first heap   total reserved 3145728K, committed 63488K, used 23467K [0x0000000740000000, 0x0000000800000000)
  region size 2048K, 2 young (4096K), 2 survivors (4096K)
}
Event: 21.105 {heap Before GC invocations=8 (full 0):
 garbage-first heap   total reserved 3145728K, committed 63488K, used 50091K [0x0000000740000000, 0x0000000800000000)
  region size 2048K, 15 young (30720K), 2 survivors (4096K)
}
Event: 21.125 {heap After GC invocations=9 (full 0):
 garbage-first heap   total reserved 3145728K, committed 63488K, used 25855K [0x0000000740000000, 0x0000000800000000)
  region size 2048K, 2 young (4096K), 2 survivors (4096K)
}
Event: 22.115 {heap Before GC invocations=9 (full 0):
 garbage-first heap   total reserved 3145728K, committed 63488K, used 38143K [0x0000000740000000, 0x0000000800000000)
  region size 2048K, 9 young (18432K), 2 survivors (4096K)
}
Event: 22.133 {heap After GC invocations=10 (full 0):
 garbage-first heap   total reserved 3145728K, committed 63488K, used 26166K [0x0000000740000000, 0x0000000800000000)
  region size 2048K, 2 young (4096K), 2 survivors (4096K)
}
Event: 23.123 {heap Before GC invocations=11 (full 0):
 garbage-first heap   total reserved 3145728K, committed 63488K, used 50742K [0x0000000740000000, 0x0000000800000000)
  region size 2048K, 15 young (30720K), 2 survivors (4096K)
}
Event: 23.143 {heap After GC invocations=12 (full 0):
 garbage-first heap   total reserved 3145728K, committed 63488K, used 27986K [0x0000000740000000, 0x0000000800000000)
  region size 2048K, 2 young (4096K), 2 survivors (4096K)
}
Event: 24.560 {heap Before GC invocations=12 (full 0):
 garbage-first heap   total reserved 3145728K, committed 63488K, used 52562K [0x0000000740000000, 0x0000000800000000)
  region size 2048K, 14 young (28672K), 2 survivors (4096K)
}
Event: 24.585 {heap After GC invocations=13 (full 0):
 garbage-first heap   total reserved 3145728K, committed 63488K, used 28699K [0x0000000740000000, 0x0000000800000000)
  region size 2048K, 2 young (4096K), 2 survivors (4096K)
}
Event: 25.525 {heap Before GC invocations=13 (full 0):
 garbage-first heap   total reserved 3145728K, committed 63488K, used 55323K [0x0000000740000000, 0x0000000800000000)
  region size 2048K, 15 young (30720K), 2 survivors (4096K)
}
Event: 25.536 {heap After GC invocations=14 (full 0):
 garbage-first heap   total reserved 3145728K, committed 63488K, used 29644K [0x0000000740000000, 0x0000000800000000)
  region size 2048K, 2 young (4096K), 2 survivors (4096K)
}
Event: 26.133 {heap Before GC invocations=14 (full 0):
 garbage-first heap   total reserved 3145728K, committed 63488K, used 52172K [0x0000000740000000, 0x0000000800000000)
  region size 2048K, 14 young (28672K), 2 survivors (4096K)
}
Event: 26.154 {heap After GC invocations=15 (full 0):
 garbage-first heap   total reserved 3145728K, committed 63488K, used 31156K [0x0000000740000000, 0x0000000800000000)
  region size 2048K, 2 young (4096K), 2 survivors (4096K)
}

Metaspace Usage History (20 events):
Event: 8.123 {metaspace Before GC invocations=3 (full 0):
 Metaspace       used 17042K, committed 17344K, reserved 1114112K
  class space    used 2042K, committed 2176K, reserved 1048576K
}
Event: 8.133 {metaspace After GC invocations=4 (full 0):
 Metaspace       used 17042K, committed 17344K, reserved 1114112K
  class space    used 2042K, committed 2176K, reserved 1048576K
}
Event: 9.561 {metaspace Before GC invocations=4 (full 0):
 Metaspace       used 21265K, committed 21504K, reserved 1114112K
  class space    used 2573K, committed 2688K, reserved 1048576K
}
Event: 9.575 {metaspace After GC invocations=5 (full 0):
 Metaspace       used 21265K, committed 21504K, reserved 1114112K
  class space    used 2573K, committed 2688K, reserved 1048576K
}
Event: 13.714 {metaspace Before GC invocations=6 (full 0):
 Metaspace       used 25813K, committed 26240K, reserved 1114112K
  class space    used 3317K, committed 3520K, reserved 1048576K
}
Event: 13.731 {metaspace After GC invocations=7 (full 0):
 Metaspace       used 25813K, committed 26240K, reserved 1114112K
  class space    used 3317K, committed 3520K, reserved 1048576K
}
Event: 18.001 {metaspace Before GC invocations=7 (full 0):
 Metaspace       used 30031K, committed 30528K, reserved 1114112K
  class space    used 3994K, committed 4224K, reserved 1048576K
}
Event: 18.017 {metaspace After GC invocations=8 (full 0):
 Metaspace       used 30031K, committed 30528K, reserved 1114112K
  class space    used 3994K, committed 4224K, reserved 1048576K
}
Event: 21.105 {metaspace Before GC invocations=8 (full 0):
 Metaspace       used 33582K, committed 34240K, reserved 1114112K
  class space    used 4652K, committed 4928K, reserved 1048576K
}
Event: 21.125 {metaspace After GC invocations=9 (full 0):
 Metaspace       used 33582K, committed 34240K, reserved 1114112K
  class space    used 4652K, committed 4928K, reserved 1048576K
}
Event: 22.115 {metaspace Before GC invocations=9 (full 0):
 Metaspace       used 35259K, committed 35968K, reserved 1114112K
  class space    used 4961K, committed 5312K, reserved 1048576K
}
Event: 22.133 {metaspace After GC invocations=10 (full 0):
 Metaspace       used 35259K, committed 35968K, reserved 1114112K
  class space    used 4961K, committed 5312K, reserved 1048576K
}
Event: 23.123 {metaspace Before GC invocations=11 (full 0):
 Metaspace       used 38842K, committed 39744K, reserved 1114112K
  class space    used 5412K, committed 5824K, reserved 1048576K
}
Event: 23.143 {metaspace After GC invocations=12 (full 0):
 Metaspace       used 38842K, committed 39744K, reserved 1114112K
  class space    used 5412K, committed 5824K, reserved 1048576K
}
Event: 24.560 {metaspace Before GC invocations=12 (full 0):
 Metaspace       used 42853K, committed 43904K, reserved 1114112K
  class space    used 5990K, committed 6464K, reserved 1048576K
}
Event: 24.585 {metaspace After GC invocations=13 (full 0):
 Metaspace       used 42853K, committed 43904K, reserved 1114112K
  class space    used 5990K, committed 6464K, reserved 1048576K
}
Event: 25.525 {metaspace Before GC invocations=13 (full 0):
 Metaspace       used 46529K, committed 47680K, reserved 1114112K
  class space    used 6613K, committed 7168K, reserved 1048576K
}
Event: 25.536 {metaspace After GC invocations=14 (full 0):
 Metaspace       used 46529K, committed 47680K, reserved 1114112K
  class space    used 6613K, committed 7168K, reserved 1048576K
}
Event: 26.133 {metaspace Before GC invocations=14 (full 0):
 Metaspace       used 48898K, committed 50304K, reserved 1114112K
  class space    used 7053K, committed 7680K, reserved 1048576K
}
Event: 26.154 {metaspace After GC invocations=15 (full 0):
 Metaspace       used 48898K, committed 50304K, reserved 1114112K
  class space    used 7053K, committed 7680K, reserved 1048576K
}

Dll operation events (3 events):
Event: 0.048 Loaded shared library C:\Program Files\Android\Android Studio1\jbr\bin\java.dll
Event: 0.059 Loaded shared library C:\Program Files\Android\Android Studio1\jbr\bin\zip.dll
Event: 3.029 Loaded shared library C:\Program Files\Android\Android Studio1\jbr\bin\verify.dll

Deoptimization events (20 events):
Event: 26.851 Thread 0x000002a4b4afae70 Uncommon trap: trap_request=0xffffffde fr.pc=0x000002a4a0191ed8 relative=0x0000000000001058
Event: 26.851 Thread 0x000002a4b4afae70 Uncommon trap: reason=class_check action=maybe_recompile pc=0x000002a4a0191ed8 method=jdk.internal.loader.URLClassPath.getLoader(I)Ljdk/internal/loader/URLClassPath$Loader; @ 91 c2
Event: 26.851 Thread 0x000002a4b4afae70 DEOPT PACKING pc=0x000002a4a0191ed8 sp=0x000000b267cfa690
Event: 26.851 Thread 0x000002a4b4afae70 DEOPT UNPACKING pc=0x000002a49fcc8582 sp=0x000000b267cfa668 mode 2
Event: 26.851 Thread 0x000002a4b4afae70 Uncommon trap: trap_request=0xffffffde fr.pc=0x000002a4a02a7d8c relative=0x0000000000005c6c
Event: 26.851 Thread 0x000002a4b4afae70 Uncommon trap: reason=class_check action=maybe_recompile pc=0x000002a4a02a7d8c method=jdk.internal.loader.URLClassPath.getResource(Ljava/lang/String;)Ljdk/internal/loader/Resource; @ 50 c2
Event: 26.851 Thread 0x000002a4b4afae70 DEOPT PACKING pc=0x000002a4a02a7d8c sp=0x000000b267cfa740
Event: 26.851 Thread 0x000002a4b4afae70 DEOPT UNPACKING pc=0x000002a49fcc8582 sp=0x000000b267cfa750 mode 2
Event: 26.868 Thread 0x000002a4b4afae70 Uncommon trap: trap_request=0xffffff45 fr.pc=0x000002a4a02f7510 relative=0x0000000000000990
Event: 26.868 Thread 0x000002a4b4afae70 Uncommon trap: reason=unstable_if action=reinterpret pc=0x000002a4a02f7510 method=java.lang.ClassLoader.checkCerts(Ljava/lang/String;Ljava/security/CodeSource;)V @ 9 c2
Event: 26.868 Thread 0x000002a4b4afae70 DEOPT PACKING pc=0x000002a4a02f7510 sp=0x000000b267cfa550
Event: 26.868 Thread 0x000002a4b4afae70 DEOPT UNPACKING pc=0x000002a49fcc8582 sp=0x000000b267cfa4b0 mode 2
Event: 26.869 Thread 0x000002a4b4afae70 Uncommon trap: trap_request=0xffffff45 fr.pc=0x000002a4a0231274 relative=0x00000000000000f4
Event: 26.869 Thread 0x000002a4b4afae70 Uncommon trap: reason=unstable_if action=reinterpret pc=0x000002a4a0231274 method=java.lang.ClassLoader.getClassLoadingLock(Ljava/lang/String;)Ljava/lang/Object; @ 6 c2
Event: 26.869 Thread 0x000002a4b4afae70 DEOPT PACKING pc=0x000002a4a0231274 sp=0x000000b267cf8ec0
Event: 26.869 Thread 0x000002a4b4afae70 DEOPT UNPACKING pc=0x000002a49fcc8582 sp=0x000000b267cf8e50 mode 2
Event: 26.871 Thread 0x000002a4b4afae70 Uncommon trap: trap_request=0xffffff45 fr.pc=0x000002a4a02e8770 relative=0x0000000000001070
Event: 26.871 Thread 0x000002a4b4afae70 Uncommon trap: reason=unstable_if action=reinterpret pc=0x000002a4a02e8770 method=java.lang.Class.getPackageName()Ljava/lang/String; @ 55 c2
Event: 26.871 Thread 0x000002a4b4afae70 DEOPT PACKING pc=0x000002a4a02e8770 sp=0x000000b267cfa550
Event: 26.871 Thread 0x000002a4b4afae70 DEOPT UNPACKING pc=0x000002a49fcc8582 sp=0x000000b267cfa4b0 mode 2

Classes loaded (20 events):
Event: 26.597 Loading class java/util/Spliterator$OfDouble
Event: 26.597 Loading class java/util/Spliterator$OfDouble done
Event: 26.598 Loading class java/util/stream/IntStream
Event: 26.600 Loading class java/util/stream/IntStream done
Event: 26.600 Loading class java/util/stream/Streams$RangeIntSpliterator
Event: 26.605 Loading class java/util/stream/Streams$RangeIntSpliterator done
Event: 26.605 Loading class java/util/stream/IntPipeline$Head
Event: 26.607 Loading class java/util/stream/IntPipeline
Event: 26.608 Loading class java/util/stream/IntPipeline done
Event: 26.608 Loading class java/util/stream/IntPipeline$Head done
Event: 26.611 Loading class java/util/function/IntConsumer
Event: 26.612 Loading class java/util/function/IntConsumer done
Event: 26.837 Loading class jdk/internal/loader/URLClassPath$FileLoader
Event: 26.840 Loading class jdk/internal/loader/URLClassPath$FileLoader done
Event: 26.854 Loading class jdk/internal/loader/URLClassPath$FileLoader$1
Event: 26.854 Loading class jdk/internal/loader/URLClassPath$FileLoader$1 done
Event: 26.886 Loading class java/beans/Transient
Event: 26.891 Loading class java/beans/Transient done
Event: 27.003 Loading class java/util/EventListener
Event: 27.009 Loading class java/util/EventListener done

Classes unloaded (0 events):
No events

Classes redefined (0 events):
No events

Internal exceptions (20 events):
Event: 25.743 Thread 0x000002a4b4afae70 Exception <a 'java/lang/NoSuchMethodError'{0x000000074374d940}: 'void java.lang.invoke.DirectMethodHandle$Holder.invokeSpecial(java.lang.Object, java.lang.Object, int)'> (0x000000074374d940) 
thrown [s\src\hotspot\share\interpreter\linkResolver.cpp, line 815]
Event: 25.743 Thread 0x000002a4b4afae70 Exception <a 'java/lang/NoSuchMethodError'{0x0000000743756858}: 'void java.lang.invoke.Invokers$Holder.invokeExact_MT(java.lang.Object, int, java.lang.Object)'> (0x0000000743756858) 
thrown [s\src\hotspot\share\interpreter\linkResolver.cpp, line 815]
Event: 25.831 Thread 0x000002a4b4afae70 Exception <a 'sun/nio/fs/WindowsException'{0x00000007433ba270}> (0x00000007433ba270) 
thrown [s\src\hotspot\share\prims\jni.cpp, line 535]
Event: 25.832 Thread 0x000002a4b4afae70 Exception <a 'sun/nio/fs/WindowsException'{0x00000007433bc4d8}> (0x00000007433bc4d8) 
thrown [s\src\hotspot\share\prims\jni.cpp, line 535]
Event: 25.852 Thread 0x000002a4b4afae70 Exception <a 'java/lang/NoSuchMethodError'{0x0000000743117ef0}: 'java.lang.Object java.lang.invoke.Invokers$Holder.linkToTargetMethod(java.lang.Object, java.lang.Object, java.lang.Object, java.lang.Object, java.lang.Object, java.lang.Object, java.lang.Object, java.lang.Object, java.lang.Object, java.lang.Object, java.lang.Object, java.lang.Object)'> (0x0000000743117ef0) 
thrown [s\src\hotspot\share\interpreter\linkResolver.cpp, line 815]
Event: 25.865 Thread 0x000002a4b4afae70 Exception <a 'sun/nio/fs/WindowsException'{0x00000007431e2e70}> (0x00000007431e2e70) 
thrown [s\src\hotspot\share\prims\jni.cpp, line 535]
Event: 26.003 Thread 0x000002a4b4afae70 Exception <a 'sun/nio/fs/WindowsException'{0x0000000742a925a0}> (0x0000000742a925a0) 
thrown [s\src\hotspot\share\prims\jni.cpp, line 535]
Event: 26.059 Thread 0x000002a4b4afae70 Exception <a 'java/lang/NoSuchMethodError'{0x00000007428623c0}: 'java.lang.Object java.lang.invoke.DelegatingMethodHandle$Holder.reinvoke_L(java.lang.Object, java.lang.Object, java.lang.Object, java.lang.Object, java.lang.Object, java.lang.Object, java.lang.Object, java.lang.Object, java.lang.Object, java.lang.Object, java.lang.Object, java.lang.Object, java.lang.Object, java.lang.Object, java.lang.Object, java.lang.Object, java.lang.Object, java.lang.Object, java.lang.Object, java.lang.Object, java.lang.O
Event: 26.297 Thread 0x000002a4b4afae70 Exception <a 'java/lang/NoSuchMethodError'{0x0000000743ce6b98}: 'java.lang.Object java.lang.invoke.DirectMethodHandle$Holder.newInvokeSpecial(java.lang.Object, java.lang.Object, java.lang.Object, java.lang.Object, java.lang.Object, java.lang.Object, java.lang.Object, java.lang.Object, java.lang.Object)'> (0x0000000743ce6b98) 
thrown [s\src\hotspot\share\interpreter\linkResolver.cpp, line 815]
Event: 26.472 Thread 0x000002a4b4afae70 Exception <a 'java/lang/IncompatibleClassChangeError'{0x0000000743b9b9a8}: Found class java.lang.Object, but interface was expected> (0x0000000743b9b9a8) 
thrown [s\src\hotspot\share\interpreter\linkResolver.cpp, line 882]
Event: 26.560 Thread 0x000002a4b4afae70 Exception <a 'sun/nio/fs/WindowsException'{0x00000007438d0318}> (0x00000007438d0318) 
thrown [s\src\hotspot\share\prims\jni.cpp, line 535]
Event: 26.585 Thread 0x000002a4b4afae70 Exception <a 'java/lang/NoSuchMethodError'{0x000000074394f0e8}: 'java.lang.Object java.lang.invoke.DirectMethodHandle$Holder.invokeVirtual(java.lang.Object, java.lang.Object, int)'> (0x000000074394f0e8) 
thrown [s\src\hotspot\share\interpreter\linkResolver.cpp, line 815]
Event: 26.612 Thread 0x000002a4b4afae70 Exception <a 'java/lang/NoSuchMethodError'{0x00000007439ae090}: 'void java.lang.invoke.DirectMethodHandle$Holder.invokeStatic(java.lang.Object, java.lang.Object, java.lang.Object, int)'> (0x00000007439ae090) 
thrown [s\src\hotspot\share\interpreter\linkResolver.cpp, line 815]
Event: 26.631 Thread 0x000002a4b4afae70 Exception <a 'sun/nio/fs/WindowsException'{0x0000000743631088}> (0x0000000743631088) 
thrown [s\src\hotspot\share\prims\jni.cpp, line 535]
Event: 26.643 Thread 0x000002a4b4afae70 Exception <a 'java/lang/NoSuchMethodError'{0x000000074365a4a8}: 'java.lang.Object java.lang.invoke.DirectMethodHandle$Holder.invokeStatic(java.lang.Object, java.lang.Object, int, java.lang.Object)'> (0x000000074365a4a8) 
thrown [s\src\hotspot\share\interpreter\linkResolver.cpp, line 815]
Event: 26.645 Thread 0x000002a4b4afae70 Exception <a 'java/lang/NoSuchMethodError'{0x000000074366aee0}: 'java.lang.Object java.lang.invoke.DirectMethodHandle$Holder.newInvokeSpecial(java.lang.Object, java.lang.Object, int, java.lang.Object)'> (0x000000074366aee0) 
thrown [s\src\hotspot\share\interpreter\linkResolver.cpp, line 815]
Event: 26.645 Thread 0x000002a4b4afae70 Exception <a 'java/lang/NoSuchMethodError'{0x0000000743673f68}: 'java.lang.Object java.lang.invoke.Invokers$Holder.linkToTargetMethod(java.lang.Object, int, java.lang.Object, java.lang.Object)'> (0x0000000743673f68) 
thrown [s\src\hotspot\share\interpreter\linkResolver.cpp, line 815]
Event: 26.778 Thread 0x000002a4b4afae70 Exception <a 'sun/nio/fs/WindowsException'{0x00000007434583f0}> (0x00000007434583f0) 
thrown [s\src\hotspot\share\prims\jni.cpp, line 535]
Event: 26.827 Thread 0x000002a4b4afae70 Exception <a 'java/lang/NoSuchMethodError'{0x0000000743546648}: 'void java.lang.invoke.DirectMethodHandle$Holder.invokeInterface(java.lang.Object, java.lang.Object, java.lang.Object, java.lang.Object, java.lang.Object, java.lang.Object, java.lang.Object)'> (0x0000000743546648) 
thrown [s\src\hotspot\share\interpreter\linkResolver.cpp, line 815]
Event: 26.831 Thread 0x000002a4b4afae70 Exception <a 'java/lang/NoSuchMethodError'{0x000000074354fcb0}: 'void java.lang.invoke.DelegatingMethodHandle$Holder.reinvoke_L(java.lang.Object, java.lang.Object, java.lang.Object, java.lang.Object, java.lang.Object, java.lang.Object, java.lang.Object)'> (0x000000074354fcb0) 
thrown [s\src\hotspot\share\interpreter\linkResolver.cpp, line 815]

VM Operations (20 events):
Event: 24.347 Executing non-safepoint VM operation: HandshakeAllThreads (Deoptimize)
Event: 24.347 Executing non-safepoint VM operation: HandshakeAllThreads (Deoptimize) done
Event: 24.560 Executing safepoint VM operation: G1CollectForAllocation (G1 Evacuation Pause)
Event: 24.585 Executing safepoint VM operation: G1CollectForAllocation (G1 Evacuation Pause) done
Event: 25.524 Executing safepoint VM operation: G1CollectForAllocation (G1 Evacuation Pause)
Event: 25.536 Executing safepoint VM operation: G1CollectForAllocation (G1 Evacuation Pause) done
Event: 25.587 Executing non-safepoint VM operation: HandshakeAllThreads (Deoptimize)
Event: 25.587 Executing non-safepoint VM operation: HandshakeAllThreads (Deoptimize) done
Event: 26.133 Executing safepoint VM operation: G1CollectForAllocation (G1 Evacuation Pause)
Event: 26.154 Executing safepoint VM operation: G1CollectForAllocation (G1 Evacuation Pause) done
Event: 26.225 Executing safepoint VM operation: G1PauseRemark
Event: 26.230 Executing safepoint VM operation: G1PauseRemark done
Event: 26.265 Executing safepoint VM operation: G1PauseCleanup
Event: 26.265 Executing safepoint VM operation: G1PauseCleanup done
Event: 26.478 Executing non-safepoint VM operation: HandshakeAllThreads (Deoptimize)
Event: 26.478 Executing non-safepoint VM operation: HandshakeAllThreads (Deoptimize) done
Event: 26.855 Executing non-safepoint VM operation: HandshakeAllThreads (Deoptimize)
Event: 26.855 Executing non-safepoint VM operation: HandshakeAllThreads (Deoptimize) done
Event: 26.856 Executing non-safepoint VM operation: HandshakeAllThreads (Deoptimize)
Event: 26.856 Executing non-safepoint VM operation: HandshakeAllThreads (Deoptimize) done

Memory protections (0 events):
No events

Nmethod flushes (20 events):
Event: 26.229 Thread 0x000002a4ad804d00 flushing  nmethod 0x000002a498869208
Event: 26.229 Thread 0x000002a4ad804d00 flushing  nmethod 0x000002a498926a88
Event: 26.229 Thread 0x000002a4ad804d00 flushing  nmethod 0x000002a498928088
Event: 26.229 Thread 0x000002a4ad804d00 flushing  nmethod 0x000002a4989a1108
Event: 26.229 Thread 0x000002a4ad804d00 flushing  nmethod 0x000002a4989a1688
Event: 26.229 Thread 0x000002a4ad804d00 flushing  nmethod 0x000002a4989a3a88
Event: 26.229 Thread 0x000002a4ad804d00 flushing  nmethod 0x000002a4989a5b08
Event: 26.229 Thread 0x000002a4ad804d00 flushing  nmethod 0x000002a4989a9888
Event: 26.229 Thread 0x000002a4ad804d00 flushing  nmethod 0x000002a4989aa288
Event: 26.229 Thread 0x000002a4ad804d00 flushing  nmethod 0x000002a4989b9c08
Event: 26.229 Thread 0x000002a4ad804d00 flushing  nmethod 0x000002a4989bdc08
Event: 26.229 Thread 0x000002a4ad804d00 flushing  nmethod 0x000002a4989dd108
Event: 26.229 Thread 0x000002a4ad804d00 flushing  nmethod 0x000002a4989f3088
Event: 26.229 Thread 0x000002a4ad804d00 flushing  nmethod 0x000002a498a2e088
Event: 26.229 Thread 0x000002a4ad804d00 flushing  nmethod 0x000002a498a2e708
Event: 26.229 Thread 0x000002a4ad804d00 flushing  nmethod 0x000002a498aa5188
Event: 26.229 Thread 0x000002a4ad804d00 flushing  nmethod 0x000002a498abf408
Event: 26.229 Thread 0x000002a4ad804d00 flushing  nmethod 0x000002a498accb08
Event: 26.229 Thread 0x000002a4ad804d00 flushing  nmethod 0x000002a498ad3308
Event: 26.229 Thread 0x000002a4ad804d00 flushing  nmethod 0x000002a498aeba08

Events (20 events):
Event: 9.806 Thread 0x000002a4b4b278a0 Thread added: 0x000002a4b4afae70
Event: 9.867 Thread 0x000002a4b4afae70 Thread added: 0x000002a4b4afbe10
Event: 9.918 Thread 0x000002a4b4afae70 Thread added: 0x000002a4b4af8760
Event: 9.943 Thread 0x000002a4b4afae70 Thread added: 0x000002a4b4af8f30
Event: 13.871 Thread 0x000002a4b4afae70 Thread added: 0x000002a4b4af9700
Event: 13.942 Thread 0x000002a4b4afae70 Thread added: 0x000002a4b4afd580
Event: 14.979 Thread 0x000002a4b4afae70 Thread added: 0x000002a4b4afdd50
Event: 21.444 Thread 0x000002a4b4afae70 Thread added: 0x000002a4b4f037e0
Event: 21.827 Thread 0x000002a4b4afae70 Thread added: 0x000002a4b4f02070
Event: 22.623 Thread 0x000002a4b4afae70 Thread added: 0x000002a4b4f04f50
Event: 23.283 Thread 0x000002a4ad8647c0 Thread added: 0x000002a4b229c350
Event: 23.999 Thread 0x000002a4b229c350 Thread exited: 0x000002a4b229c350
Event: 24.061 Thread 0x000002a4b4afae70 Thread added: 0x000002a4b4f05ef0
Event: 24.934 Thread 0x000002a4b4afae70 Thread added: 0x000002a4b4f07660
Event: 24.959 Thread 0x000002a4b4afae70 Thread added: 0x000002a4b4f07e30
Event: 25.863 Thread 0x000002a4b4afae70 Thread added: 0x000002a4b4f095a0
Event: 26.000 Thread 0x000002a4b4afae70 Thread added: 0x000002a4b5bded50
Event: 26.647 Thread 0x000002a4b4afae70 Thread added: 0x000002a4b5bde580
Event: 26.792 Thread 0x000002a4b4afae70 Thread added: 0x000002a4b5bdd5e0
Event: 26.893 Thread 0x000002a4ad864fd0 Thread added: 0x000002a4b2e7a360


Dynamic libraries:
0x00007ff76d970000 - 0x00007ff76d97a000 	C:\Program Files\Android\Android Studio1\jbr\bin\java.exe
0x00007ff8491e0000 - 0x00007ff849446000 	C:\WINDOWS\SYSTEM32\ntdll.dll
0x00007ff847ba0000 - 0x00007ff847c69000 	C:\WINDOWS\System32\KERNEL32.DLL
0x00007ff846420000 - 0x00007ff84681f000 	C:\WINDOWS\System32\KERNELBASE.dll
0x00007ff846d00000 - 0x00007ff846e4c000 	C:\WINDOWS\System32\ucrtbase.dll
0x00007ff81af70000 - 0x00007ff81af8b000 	C:\Program Files\Android\Android Studio1\jbr\bin\VCRUNTIME140.dll
0x00007ff821c90000 - 0x00007ff821ca6000 	C:\Program Files\Android\Android Studio1\jbr\bin\jli.dll
0x00007ff848fb0000 - 0x00007ff849176000 	C:\WINDOWS\System32\USER32.dll
0x00007ff8463f0000 - 0x00007ff846417000 	C:\WINDOWS\System32\win32u.dll
0x00007ff847f60000 - 0x00007ff847f8b000 	C:\WINDOWS\System32\GDI32.dll
0x00007ff833300000 - 0x00007ff833591000 	C:\WINDOWS\WinSxS\amd64_microsoft.windows.common-controls_6595b64144ccf1df_6.0.26100.8972_none_3e0da176e32f9d4b\COMCTL32.dll
0x00007ff846bd0000 - 0x00007ff846cf9000 	C:\WINDOWS\System32\gdi32full.dll
0x00007ff848550000 - 0x00007ff8485f9000 	C:\WINDOWS\System32\msvcrt.dll
0x00007ff846e60000 - 0x00007ff846f03000 	C:\WINDOWS\System32\msvcp_win.dll
0x00007ff846f10000 - 0x00007ff846f42000 	C:\WINDOWS\System32\IMM32.DLL
0x00007ff842cc0000 - 0x00007ff842ccc000 	C:\Program Files\Android\Android Studio1\jbr\bin\vcruntime140_1.dll
0x00007fffda670000 - 0x00007fffda6fd000 	C:\Program Files\Android\Android Studio1\jbr\bin\msvcp140.dll
0x00007fffbb560000 - 0x00007fffbc43a000 	C:\Program Files\Android\Android Studio1\jbr\bin\server\jvm.dll
0x00007ff847880000 - 0x00007ff84793c000 	C:\WINDOWS\System32\ADVAPI32.dll
0x00007ff848300000 - 0x00007ff8483a9000 	C:\WINDOWS\System32\sechost.dll
0x00007ff847e00000 - 0x00007ff847f18000 	C:\WINDOWS\System32\RPCRT4.dll
0x00007ff847f90000 - 0x00007ff848012000 	C:\WINDOWS\System32\WS2_32.dll
0x00007ff82ea90000 - 0x00007ff82eac6000 	C:\WINDOWS\SYSTEM32\WINMM.dll
0x00007ff839eb0000 - 0x00007ff839ebb000 	C:\WINDOWS\SYSTEM32\VERSION.dll
0x00007ff846270000 - 0x00007ff8462ce000 	C:\WINDOWS\SYSTEM32\POWRPROF.dll
0x00007ff846250000 - 0x00007ff846265000 	C:\WINDOWS\SYSTEM32\UMPDC.dll
0x00007ff8450a0000 - 0x00007ff8450bb000 	C:\WINDOWS\SYSTEM32\kernel.appcore.dll
0x00007ff83e2c0000 - 0x00007ff83e2ca000 	C:\Program Files\Android\Android Studio1\jbr\bin\jimage.dll
0x00007ff843ab0000 - 0x00007ff843cf2000 	C:\WINDOWS\SYSTEM32\DBGHELP.DLL
0x00007ff848a90000 - 0x00007ff848e15000 	C:\WINDOWS\System32\combase.dll
0x00007ff848220000 - 0x00007ff8482f9000 	C:\WINDOWS\System32\OLEAUT32.dll
0x00007ff82d570000 - 0x00007ff82d5ab000 	C:\WINDOWS\SYSTEM32\dbgcore.DLL
0x00007ff846b10000 - 0x00007ff846bbc000 	C:\WINDOWS\System32\bcryptPrimitives.dll
0x00007ff842d20000 - 0x00007ff842d2e000 	C:\Program Files\Android\Android Studio1\jbr\bin\instrument.dll
0x00007ff81af50000 - 0x00007ff81af6f000 	C:\Program Files\Android\Android Studio1\jbr\bin\java.dll
0x00007ff8483b0000 - 0x00007ff848549000 	C:\WINDOWS\System32\ole32.dll
0x00007ff8470d0000 - 0x00007ff847858000 	C:\WINDOWS\System32\SHELL32.dll
0x00007ff817520000 - 0x00007ff817537000 	C:\Program Files\Android\Android Studio1\jbr\bin\zip.dll
0x00007ff843e80000 - 0x00007ff84471b000 	C:\WINDOWS\SYSTEM32\windows.storage.dll
0x00007ff847d00000 - 0x00007ff847df9000 	C:\WINDOWS\System32\SHCORE.dll
0x00007ff848020000 - 0x00007ff848086000 	C:\WINDOWS\System32\shlwapi.dll
0x00007ff846310000 - 0x00007ff846339000 	C:\WINDOWS\SYSTEM32\profapi.dll
0x00007ff833930000 - 0x00007ff833940000 	C:\Program Files\Android\Android Studio1\jbr\bin\net.dll
0x00007ff845630000 - 0x00007ff84569c000 	C:\WINDOWS\system32\mswsock.dll
0x00007ff817500000 - 0x00007ff817516000 	C:\Program Files\Android\Android Studio1\jbr\bin\nio.dll
0x00007ff81af90000 - 0x00007ff81afa0000 	C:\Program Files\Android\Android Studio1\jbr\bin\verify.dll
0x00007ff82dbe0000 - 0x00007ff82dc07000 	C:\Users\Nitin Jain\.gradle\native\660c5614fbf4a5f2a75b1949f50a0caf5cd603558e7d8a26e50b933a0cfb79d1\windows-amd64\native-platform.dll
0x00007ff823af0000 - 0x00007ff823b67000 	C:\Users\Nitin Jain\.gradle\native\0.2.8\x86_64-windows-gnu\gradle-fileevents.dll
0x00007ff830b80000 - 0x00007ff830b89000 	C:\Program Files\Android\Android Studio1\jbr\bin\management.dll
0x00007ff82fe80000 - 0x00007ff82fe8b000 	C:\Program Files\Android\Android Studio1\jbr\bin\management_ext.dll
0x00007ff847f50000 - 0x00007ff847f58000 	C:\WINDOWS\System32\PSAPI.DLL
0x00007ff844aa0000 - 0x00007ff844ad3000 	C:\WINDOWS\SYSTEM32\IPHLPAPI.DLL
0x00007ff846f50000 - 0x00007ff846f5a000 	C:\WINDOWS\System32\NSI.dll
0x00007ff831960000 - 0x00007ff831969000 	C:\Program Files\Android\Android Studio1\jbr\bin\extnet.dll
0x00007ff845a50000 - 0x00007ff845a6b000 	C:\WINDOWS\SYSTEM32\CRYPTSP.dll
0x00007ff845000000 - 0x00007ff845039000 	C:\WINDOWS\system32\rsaenh.dll
0x00007ff8456e0000 - 0x00007ff845712000 	C:\WINDOWS\SYSTEM32\USERENV.dll
0x00007ff8462e0000 - 0x00007ff84630a000 	C:\WINDOWS\SYSTEM32\bcrypt.dll
0x00007ff845a20000 - 0x00007ff845a2c000 	C:\WINDOWS\SYSTEM32\CRYPTBASE.dll
0x00007ff809220000 - 0x00007ff809228000 	C:\WINDOWS\system32\wshunix.dll

JVMTI agents:
C:\Users\Nitin Jain\.gradle\wrapper\dists\gradle-9.5.0-bin\bvnork1r7n8i6kp5cnkibsc9q\gradle-9.5.0\lib\agents\gradle-instrumentation-agent-9.5.0.jar path:C:\Program Files\Android\Android Studio1\jbr\bin\instrument.dll, loaded, initialized, instrumentlib options:none

dbghelp: loaded successfully - version: 4.0.5 - missing functions: none
symbol engine: initialized successfully - sym options: 0x614 - pdb path: .;C:\Program Files\Android\Android Studio1\jbr\bin;C:\WINDOWS\SYSTEM32;C:\WINDOWS\WinSxS\amd64_microsoft.windows.common-controls_6595b64144ccf1df_6.0.26100.8972_none_3e0da176e32f9d4b;C:\Program Files\Android\Android Studio1\jbr\bin\server;C:\Users\Nitin Jain\.gradle\native\660c5614fbf4a5f2a75b1949f50a0caf5cd603558e7d8a26e50b933a0cfb79d1\windows-amd64;C:\Users\Nitin Jain\.gradle\native\0.2.8\x86_64-windows-gnu

VM Arguments:
jvm_args: --add-opens=java.base/java.lang=ALL-UNNAMED --add-opens=java.base/java.lang.invoke=ALL-UNNAMED --add-opens=java.base/java.util=ALL-UNNAMED --add-opens=java.prefs/java.util.prefs=ALL-UNNAMED --add-exports=jdk.compiler/com.sun.tools.javac.api=ALL-UNNAMED --add-exports=jdk.compiler/com.sun.tools.javac.util=ALL-UNNAMED --add-opens=java.base/java.nio.charset=ALL-UNNAMED --add-opens=java.base/java.net=ALL-UNNAMED --add-opens=java.base/java.util.concurrent=ALL-UNNAMED --add-opens=java.base/java.util.concurrent.atomic=ALL-UNNAMED --add-opens=java.xml/javax.xml.namespace=ALL-UNNAMED --add-opens=java.base/java.time=ALL-UNNAMED --enable-native-access=ALL-UNNAMED -Xmx3072m -Dfile.encoding=UTF-8 -Duser.country=IN -Duser.language=en -Duser.variant -javaagent:C:\Users\Nitin Jain\.gradle\wrapper\dists\gradle-9.5.0-bin\bvnork1r7n8i6kp5cnkibsc9q\gradle-9.5.0\lib\agents\gradle-instrumentation-agent-9.5.0.jar 
java_command: org.gradle.launcher.daemon.bootstrap.GradleDaemon 9.5.0
java_class_path (initial): C:\Users\Nitin Jain\.gradle\wrapper\dists\gradle-9.5.0-bin\bvnork1r7n8i6kp5cnkibsc9q\gradle-9.5.0\lib\gradle-daemon-main-9.5.0.jar
Launcher Type: SUN_STANDARD

[Global flags]
     intx CICompilerCount                          = 3                                         {product} {ergonomic}
     uint ConcGCThreads                            = 1                                         {product} {ergonomic}
     uint G1ConcRefinementThreads                  = 4                                         {product} {ergonomic}
   size_t G1HeapRegionSize                         = 2097152                                   {product} {ergonomic}
   size_t InitialHeapSize                          = 65011712                                  {product} {ergonomic}
   size_t MarkStackSize                            = 4194304                                   {product} {ergonomic}
   size_t MarkStackSizeMax                         = 536870912                                 {product} {ergonomic}
   size_t MaxHeapSize                              = 3221225472                                {product} {command line}
   size_t MaxNewSize                               = 1931476992                                {product} {ergonomic}
   size_t MinHeapDeltaBytes                        = 2097152                                   {product} {ergonomic}
   size_t MinHeapSize                              = 8388608                                   {product} {ergonomic}
    uintx NonNMethodCodeHeapSize                   = 5832704                                {pd product} {ergonomic}
    uintx NonProfiledCodeHeapSize                  = 122945536                              {pd product} {ergonomic}
    uintx ProfiledCodeHeapSize                     = 122880000                              {pd product} {ergonomic}
    uintx ReservedCodeCacheSize                    = 251658240                              {pd product} {ergonomic}
     bool SegmentedCodeCache                       = true                                      {product} {ergonomic}
   size_t SoftMaxHeapSize                          = 3221225472                             {manageable} {ergonomic}
     bool UseCompressedOops                        = true                           {product lp64_product} {ergonomic}
     bool UseG1GC                                  = true                                      {product} {ergonomic}
     bool UseLargePagesIndividualAllocation        = false                                  {pd product} {ergonomic}

Logging:
Log output configuration:
 #0: stdout all=warning uptime,level,tags foldmultilines=false
 #1: stderr all=off uptime,level,tags foldmultilines=false

Release file:
JAVA_VERSION="25.0.2" 
MODULES="java.base java.compiler java.datatransfer java.xml java.prefs java.desktop java.instrument java.logging java.management java.security.sasl java.naming java.rmi java.management.rmi java.net.http java.scripting java.security.jgss java.transaction.xa java.sql java.sql.rowset java.xml.crypto java.se java.smartcardio jdk.accessibility jdk.internal.jvmstat jdk.attach jdk.charsets jdk.internal.opt jdk.zipfs jdk.compiler jdk.crypto.cryptoki jdk.crypto.ec jdk.dynalink jdk.hotspot.agent jdk.httpserver jdk.internal.ed jdk.internal.le jdk.internal.md jdk.internal.vm.ci jdk.jartool jdk.javadoc jdk.jcmd jdk.jdeps jdk.jdwp.agent jdk.jdi jdk.jfr jdk.jlink jdk.localedata jdk.management jdk.management.agent jdk.management.jfr jdk.naming.dns jdk.naming.rmi jdk.net jdk.sctp jdk.security.auth jdk.security.jgss jdk.unsupported jdk.unsupported.desktop jdk.xml.dom" 
IMPLEMENTOR="JetBrains s.r.o." 
JAVA_RUNTIME_VERSION="25.0.2+-15348964-b329.117" 
LIBC="default" 
OS_ARCH="x86_64" 
OS_NAME="Windows" 
SOURCE=".:git:3cf398e84a39" 

Environment Variables:
PATH=C:\WINDOWS\system32;C:\WINDOWS;C:\WINDOWS\System32\Wbem;C:\WINDOWS\System32\WindowsPowerShell\v1.0\;C:\WINDOWS\System32\OpenSSH\;C:\Program Files\dotnet\;C:\Users\Nitin Jain\AppData\Local\Programs\Python\Python314\;C:\Users\Nitin Jain\AppData\Local\Programs\Python\Python314\Scripts\;C:\Program Files\Git\cmd;C:\Program Files\PowerShell\7-preview\preview;C:\Program Files\nodejs\;C:\ProgramData\chocolatey\bin;C:\Program Files\GitHub CLI\;C:\Program Files\PowerShell\7\;C:\Users\Nitin Jain\AppData\Local\agy\bin;C:\WINDOWS\system32;C:\WINDOWS;C:\WINDOWS\System32\Wbem;C:\WINDOWS\System32\WindowsPowerShell\v1.0\;C:\WINDOWS\System32\OpenSSH\;C:\Program Files\dotnet\;C:\Users\Nitin Jain\AppData\Local\Programs\Python\Launcher\;C:\Users\Nitin Jain\AppData\Local\Microsoft\WindowsApps;C:\Users\Nitin Jain\AppData\Local\Programs\Python\Python314;C:\Users\Nitin Jain\AppData\Local\Programs\Python\Python314\Scripts;C:\Users\Nitin Jain\AppData\Local\Programs\Microsoft VS Code\bin;C:\Users\Nitin Jain\AppData\Local\Google\Cloud SDK\google-cloud-sdk\bin;C:\Users\Nitin Jain\.fly\bin;C:\Users\Nitin Jain\AppData\Local\GitHubDesktop\bin;C:\Users\Nitin Jain\AppData\Roaming\npm
USERNAME=Nitin Jain
OS=Windows_NT
PROCESSOR_IDENTIFIER=Intel64 Family 6 Model 142 Stepping 12, GenuineIntel
TMP=C:\Users\NITINJ~1\AppData\Local\Temp
TEMP=C:\Users\NITINJ~1\AppData\Local\Temp




Compilation memory statistics disabled.

Periodic native trim disabled

JNI global refs:
JNI global refs: 20, weak refs: 0

JNI global refs memory usage: 835, weak refs: 833

Process memory usage:
Resident Set Size: 180008K (4% of 4000564K total physical memory with 503580K free physical memory)

OOME stack traces (most recent first):
Classloader memory used:
Loader org.gradle.internal.classloader.VisitableURLClassLoader                         : 24047 K
Loader bootstrap                                                                       : 20991 K
Loader org.gradle.initialization.MixInLegacyTypesClassLoader                           : 6685 K
Loader jdk.internal.loader.ClassLoaders$AppClassLoader                                 : 186 K
Loader jdk.internal.loader.ClassLoaders$PlatformClassLoader                            : 119 K
Loader org.gradle.groovy.scripts.internal.DefaultScriptCompilationHandler$ScriptClassLoader: 4776 B

Classes loaded by more than one classloader:
Class org.gradle.internal.classloader.FilteringClassLoader                            : loaded 2 times (x 106B)
Class org.gradle.internal.classloader.ClassLoaderHierarchy                            : loaded 2 times (x 72B)
Class org.gradle.internal.classloader.DefaultClassLoaderFactory                       : loaded 2 times (x 84B)
Class org.gradle.api.internal.DefaultClassPathProvider                                : loaded 2 times (x 78B)
Class [Lorg.gradle.api.internal.ClassPathProvider;                                    : loaded 2 times (x 71B)
Class org.gradle.api.internal.ClassPathProvider                                       : loaded 2 times (x 72B)
Class org.gradle.internal.service.UnknownServiceException                             : loaded 2 times (x 85B)
Class org.gradle.internal.classpath.TransformedClassPath                              : loaded 2 times (x 98B)
Class org.gradle.internal.classloader.InstrumentingClassLoader                        : loaded 2 times (x 72B)
Class org.gradle.internal.service.ServiceLocator                                      : loaded 2 times (x 72B)
Class org.gradle.api.internal.classpath.DefaultModuleRegistry$DefaultModule           : loaded 2 times (x 84B)
Class org.gradle.api.internal.classpath.Module                                        : loaded 2 times (x 72B)
Class org.gradle.api.internal.classpath.UnknownModuleException                        : loaded 2 times (x 84B)
Class org.gradle.api.internal.DefaultClassPathRegistry                                : loaded 2 times (x 78B)
Class org.gradle.internal.classpath.DefaultClassPath$ImmutableUniqueList              : loaded 2 times (x 201B)
Class org.gradle.api.internal.ClassPathRegistry                                       : loaded 2 times (x 72B)
Class org.gradle.internal.classpath.ClassPath                                         : loaded 2 times (x 72B)
Class org.gradle.api.internal.classpath.DefaultModuleRegistry$DefaultModuleAlias      : loaded 2 times (x 82B)
Class org.gradle.api.internal.classpath.ModuleRegistry                                : loaded 2 times (x 72B)
Class org.gradle.internal.installation.GradleInstallation$1                           : loaded 2 times (x 77B)
Class org.gradle.api.internal.classpath.DefaultModuleRegistry                         : loaded 2 times (x 86B)
Class org.gradle.internal.service.ServiceLookupException                              : loaded 2 times (x 84B)
Class org.gradle.internal.classloader.ClassLoaderFactory                              : loaded 2 times (x 72B)
Class org.gradle.internal.service.CachingServiceLocator                               : loaded 2 times (x 84B)
Class org.gradle.internal.classloader.ClasspathUtil                                   : loaded 2 times (x 73B)
Class org.gradle.api.specs.Spec                                                       : loaded 2 times (x 72B)
Class org.gradle.internal.classloader.VisitableURLClassLoader$InstrumentingVisitableURLClassLoader: loaded 2 times (x 124B)
Class org.gradle.internal.classloader.VisitableURLClassLoader$Spec                    : loaded 2 times (x 76B)
Class org.gradle.internal.classpath.DefaultClassPath                                  : loaded 2 times (x 92B)
Class org.gradle.internal.classloader.ClassLoaderSpec                                 : loaded 2 times (x 73B)
Class org.gradle.api.internal.classpath.Module$ModuleAlias                            : loaded 2 times (x 72B)
Class org.gradle.internal.classloader.VisitableURLClassLoader                         : loaded 2 times (x 118B)
Class org.gradle.internal.Cast                                                        : loaded 2 times (x 73B)
Class org.gradle.api.Action                                                           : loaded 2 times (x 72B)
Class org.gradle.internal.classpath.DefaultClassPath$ImmutableUniqueList$Builder      : loaded 2 times (x 77B)
Class org.gradle.api.GradleException                                                  : loaded 2 times (x 84B)
Class org.gradle.internal.IoActions                                                   : loaded 2 times (x 73B)
Class org.gradle.internal.installation.CurrentGradleInstallationLocator               : loaded 2 times (x 73B)
Class org.gradle.internal.service.DefaultServiceLocator                               : loaded 2 times (x 85B)
Class org.gradle.internal.installation.CurrentGradleInstallation                      : loaded 2 times (x 75B)
Class org.gradle.util.internal.GUtil                                                  : loaded 2 times (x 73B)
Class org.gradle.internal.installation.GradleInstallation                             : loaded 2 times (x 77B)

---------------  S Y S T E M  ---------------

OS:
 Windows 11 , 64 bit Build 26100 (10.0.26100.8972)
OS uptime: 0 days 18:15 hours
Hyper-V role detected

CPU: total 4 (initial active 4) (2 cores per cpu, 2 threads per core) family 6 model 142 stepping 12 microcode 0xfa, cx8, cmov, fxsr, ht, mmx, 3dnowpref, sse, sse2, sse3, ssse3, sse4.1, sse4.2, popcnt, lzcnt, tsc, tscinvbit, avx, avx2, aes, erms, clmul, bmi1, bmi2, adx, fma, vzeroupper, clflush, clflushopt, hv, rdtscp, f16c
Processor Information for the first 4 processors :
  Max Mhz: 2304, Current Mhz: 2103, Mhz Limit: 2096

Memory: 4k page, system-wide physical 3906M (493M free)
TotalPageFile size 15682M (AvailPageFile size 8M)
current process WorkingSet (physical memory assigned to process): 175M, peak: 175M
current process commit charge ("private bytes"): 244M, peak: 248M

vm_info: OpenJDK 64-Bit Server VM (25.0.2+-15348964-b329.117) for windows-amd64 JRE (25.0.2+-15348964-b329.117), built on 2026-05-05T18:25:19Z with MS VC++ 16.10 / 16.11 (VS2019)

END.
