#
# There is insufficient memory for the Java Runtime Environment to continue.
# Native memory allocation (malloc) failed to allocate 16451160 bytes. Error detail: Chunk::new
# Possible reasons:
#   The system is out of physical RAM or swap space
#   This process is running with CompressedOops enabled, and the Java Heap may be blocking the growth of the native heap
# Possible solutions:
#   Reduce memory load on the system
#   Increase physical memory or swap space
#   Check if swap backing store is full
#   Decrease Java heap size (-Xmx/-Xms)
#   Decrease number of Java threads
#   Decrease Java thread stack sizes (-Xss)
#   Set larger code cache with -XX:ReservedCodeCacheSize=
#   JVM is running with Zero Based Compressed Oops mode in which the Java heap is
#     placed in the first 32GB address space. The Java Heap base address is the
#     maximum limit for the native heap growth. Please use -XX:HeapBaseMinAddress
#     to set the Java Heap base and to place the Java Heap above 32GB virtual address.
# This output file may be truncated or incomplete.
#
#  Out of Memory Error (arena.cpp:186), pid=4700, tid=17916
#
# JRE version: OpenJDK Runtime Environment (25.0.2) (build 25.0.2+-15348964-b329.117)
# Java VM: OpenJDK 64-Bit Server VM (25.0.2+-15348964-b329.117, mixed mode, tiered, compressed oops, compressed class ptrs, g1 gc, windows-amd64)
# No core dump will be written. Minidumps are not enabled by default on client versions of Windows
#

---------------  S U M M A R Y ------------

Command Line: --add-opens=java.base/java.lang=ALL-UNNAMED --add-opens=java.base/java.lang.invoke=ALL-UNNAMED --add-opens=java.base/java.util=ALL-UNNAMED --add-opens=java.prefs/java.util.prefs=ALL-UNNAMED --add-exports=jdk.compiler/com.sun.tools.javac.api=ALL-UNNAMED --add-exports=jdk.compiler/com.sun.tools.javac.util=ALL-UNNAMED --add-opens=java.base/java.nio.charset=ALL-UNNAMED --add-opens=java.base/java.net=ALL-UNNAMED --add-opens=java.base/java.util.concurrent=ALL-UNNAMED --add-opens=java.base/java.util.concurrent.atomic=ALL-UNNAMED --add-opens=java.xml/javax.xml.namespace=ALL-UNNAMED --add-opens=java.base/java.time=ALL-UNNAMED --enable-native-access=ALL-UNNAMED -Xmx4048m -Dfile.encoding=UTF-8 -Duser.country=IN -Duser.language=en -Duser.variant -javaagent:C:\Users\Nitin Jain\.gradle\wrapper\dists\gradle-9.5.0-bin\bvnork1r7n8i6kp5cnkibsc9q\gradle-9.5.0\lib\agents\gradle-instrumentation-agent-9.5.0.jar org.gradle.launcher.daemon.bootstrap.GradleDaemon 9.5.0

Host: Intel(R) Core(TM) i3-8145U CPU @ 2.10GHz, 4 cores, 3G,  Windows 11 , 64 bit Build 26100 (10.0.26100.8972)
Time: Thu Aug 13 19:52:27 2026 India Standard Time elapsed time: 23.050011 seconds (0d 0h 0m 23s)

---------------  T H R E A D  ---------------

Current thread (0x00000228e457c590):  JavaThread "C2 CompilerThread0" daemon [_thread_in_native, id=17916, stack(0x000000d5c6700000,0x000000d5c6800000) (1024K)]


Current CompileTask:
C2:23050 3515   !   4       java.net.URLClassLoader::findClass (77 bytes)

Stack: [0x000000d5c6700000,0x000000d5c6800000]
Native frames: (J=compiled Java code, j=interpreted, Vv=VM code, C=native code)
V  [jvm.dll+0x7bd439]  (no source info available)
V  [jvm.dll+0x78763d]  (no source info available)
V  [jvm.dll+0xa0c885]  (no source info available)
V  [jvm.dll+0xa0ef04]  (no source info available)
V  [jvm.dll+0xa0f603]  (no source info available)
V  [jvm.dll+0x309bf6]  (no source info available)
V  [jvm.dll+0x10ea69]  (no source info available)
V  [jvm.dll+0x10ed92]  (no source info available)
V  [jvm.dll+0x1a9837]  (no source info available)
V  [jvm.dll+0x3bec92]  (no source info available)
V  [jvm.dll+0x7c2cb7]  (no source info available)
V  [jvm.dll+0x2ce046]  (no source info available)
V  [jvm.dll+0x2cd221]  (no source info available)
V  [jvm.dll+0x242ffa]  (no source info available)
V  [jvm.dll+0x2dcc05]  (no source info available)
V  [jvm.dll+0x2dae06]  (no source info available)
V  [jvm.dll+0x49b59e]  (no source info available)
V  [jvm.dll+0x9ab9c8]  (no source info available)
V  [jvm.dll+0x7bb985]  (no source info available)
C  [ucrtbase.dll+0x2cd30]  (no source info available)
C  [KERNEL32.DLL+0x2ccb7]  (no source info available)
C  [ntdll.dll+0xaad6c]  (no source info available)

Lock stack of current Java thread (top to bottom):


---------------  P R O C E S S  ---------------

Threads class SMR info:
_java_thread_list=0x00000228ea835180, length=24, elements={
0x00000228cab90be0, 0x00000228e4562c80, 0x00000228e459ac50, 0x00000228e456fb70,
0x00000228e45727a0, 0x00000228e4573360, 0x00000228e4573f20, 0x00000228e4574ae0,
0x00000228e457c590, 0x00000228e471cad0, 0x00000228e4a48fb0, 0x00000228eb91bb00,
0x00000228eb7877c0, 0x00000228eba4f4c0, 0x00000228e946d170, 0x00000228ea089300,
0x00000228e940ddb0, 0x00000228e9412400, 0x00000228e94104c0, 0x00000228e940ed50,
0x00000228e940f520, 0x00000228e94133a0, 0x00000228e94152e0, 0x00000228eadcaa00
}

Java Threads: ( => current thread )
  0x00000228cab90be0 JavaThread "main"                              [_thread_blocked, id=16224, stack(0x000000d5c5800000,0x000000d5c5900000) (1024K)]
  0x00000228e4562c80 JavaThread "Common-Cleaner"             daemon [_thread_blocked, id=13976, stack(0x000000d5c6000000,0x000000d5c6100000) (1024K)]
  0x00000228e459ac50 JavaThread "Reference Handler"          daemon [_thread_blocked, id=10892, stack(0x000000d5c6100000,0x000000d5c6200000) (1024K)]
  0x00000228e456fb70 JavaThread "Finalizer"                  daemon [_thread_blocked, id=13848, stack(0x000000d5c6200000,0x000000d5c6300000) (1024K)]
  0x00000228e45727a0 JavaThread "Signal Dispatcher"          daemon [_thread_blocked, id=16904, stack(0x000000d5c6300000,0x000000d5c6400000) (1024K)]
  0x00000228e4573360 JavaThread "Attach Listener"            daemon [_thread_blocked, id=14716, stack(0x000000d5c6400000,0x000000d5c6500000) (1024K)]
  0x00000228e4573f20 JavaThread "Service Thread"             daemon [_thread_blocked, id=12632, stack(0x000000d5c6500000,0x000000d5c6600000) (1024K)]
  0x00000228e4574ae0 JavaThread "Monitor Deflation Thread"   daemon [_thread_blocked, id=9112, stack(0x000000d5c6600000,0x000000d5c6700000) (1024K)]
=>0x00000228e457c590 JavaThread "C2 CompilerThread0"         daemon [_thread_in_native, id=17916, stack(0x000000d5c6700000,0x000000d5c6800000) (1024K)]
  0x00000228e471cad0 JavaThread "C1 CompilerThread0"         daemon [_thread_blocked, id=7764, stack(0x000000d5c6800000,0x000000d5c6900000) (1024K)]
  0x00000228e4a48fb0 JavaThread "Notification Thread"        daemon [_thread_blocked, id=13456, stack(0x000000d5c6900000,0x000000d5c6a00000) (1024K)]
  0x00000228eb91bb00 JavaThread "Daemon health stats"               [_thread_blocked, id=17168, stack(0x000000d5c6d00000,0x000000d5c6e00000) (1024K)]
  0x00000228eb7877c0 JavaThread "Incoming local TCP Connector on port 64286"        [_thread_in_native, id=5976, stack(0x000000d5c6e00000,0x000000d5c6f00000) (1024K)]
  0x00000228eba4f4c0 JavaThread "Daemon periodic checks"            [_thread_blocked, id=16660, stack(0x000000d5c6f00000,0x000000d5c7000000) (1024K)]
  0x00000228e946d170 JavaThread "Daemon"                            [_thread_blocked, id=19352, stack(0x000000d5c7000000,0x000000d5c7100000) (1024K)]
  0x00000228ea089300 JavaThread "Handler for socket connection from /127.0.0.1:64286 to /127.0.0.1:64287"        [_thread_in_native, id=15396, stack(0x000000d5c7100000,0x000000d5c7200000) (1024K)]
  0x00000228e940ddb0 JavaThread "Cancel handler"                    [_thread_blocked, id=16656, stack(0x000000d5c7200000,0x000000d5c7300000) (1024K)]
  0x00000228e9412400 JavaThread "Daemon worker"                     [_thread_in_Java, id=14948, stack(0x000000d5c7300000,0x000000d5c7400000) (1024K)]
  0x00000228e94104c0 JavaThread "Asynchronous log dispatcher for DefaultDaemonConnection: socket connection from /127.0.0.1:64286 to /127.0.0.1:64287"        [_thread_blocked, id=1032, stack(0x000000d5c7400000,0x000000d5c7500000) (1024K)]
  0x00000228e940ed50 JavaThread "Stdin handler"                     [_thread_blocked, id=9844, stack(0x000000d5c7500000,0x000000d5c7600000) (1024K)]
  0x00000228e940f520 JavaThread "Daemon client event forwarder"        [_thread_blocked, id=18608, stack(0x000000d5c7600000,0x000000d5c7700000) (1024K)]
  0x00000228e94133a0 JavaThread "Cache worker for journal cache (C:\Users\Nitin Jain\.gradle\caches\journal-1)"        [_thread_blocked, id=13556, stack(0x000000d5c7700000,0x000000d5c7800000) (1024K)]
  0x00000228e94152e0 JavaThread "File lock request listener"        [_thread_in_native, id=2568, stack(0x000000d5c7800000,0x000000d5c7900000) (1024K)]
  0x00000228eadcaa00 JavaThread "Cache worker for file hash cache (C:\Users\Nitin Jain\.gradle\caches\9.5.0\fileHashes)"        [_thread_blocked, id=11408, stack(0x000000d5c7900000,0x000000d5c7a00000) (1024K)]
Total: 24

Other Threads:
  0x00000228e451d310 VMThread "VM Thread"                           [id=19432, stack(0x000000d5c5f00000,0x000000d5c6000000) (1024K)]
  0x00000228cac48600 WatcherThread "VM Periodic Task Thread"        [id=19096, stack(0x000000d5c5e00000,0x000000d5c5f00000) (1024K)]
  0x00000228cabf7640 WorkerThread "GC Thread#0"                     [id=8932, stack(0x000000d5c5900000,0x000000d5c5a00000) (1024K)]
  0x00000228e949f210 WorkerThread "GC Thread#1"                     [id=17388, stack(0x000000d5c6a00000,0x000000d5c6b00000) (1024K)]
  0x00000228e928f890 WorkerThread "GC Thread#2"                     [id=16292, stack(0x000000d5c6b00000,0x000000d5c6c00000) (1024K)]
  0x00000228e90fe880 WorkerThread "GC Thread#3"                     [id=13788, stack(0x000000d5c6c00000,0x000000d5c6d00000) (1024K)]
  0x00000228cac112a0 ConcurrentGCThread "G1 Main Marker"            [id=6268, stack(0x000000d5c5a00000,0x000000d5c5b00000) (1024K)]
  0x00000228cac12d20 WorkerThread "G1 Conc#0"                       [id=1004, stack(0x000000d5c5b00000,0x000000d5c5c00000) (1024K)]
  0x00000228cac33a40 ConcurrentGCThread "G1 Refine#0"               [id=19220, stack(0x000000d5c5c00000,0x000000d5c5d00000) (1024K)]
  0x00000228cac35490 ConcurrentGCThread "G1 Service"                [id=9128, stack(0x000000d5c5d00000,0x000000d5c5e00000) (1024K)]
Total: 10

Threads with active compile tasks:
C2 CompilerThread0  23305 3515   !   4       java.net.URLClassLoader::findClass (77 bytes)
C1 CompilerThread0  23305 3700       3       com.google.common.base.Splitter$SplittingIterator::computeNext (279 bytes)
Total: 2

VM state: not at safepoint (normal execution)

VM Mutex/Monitor currently owned by a thread: None

Heap address: 0x0000000703000000, size: 4048 MB, Compressed Oops mode: Zero based, Oop shift amount: 3

CDS archive(s) not mapped
Compressed class space mapped at: 0x00000000bd000000-0x00000000fd000000, reserved size: 1073741824
UseCompressedClassPointers 1, UseCompactObjectHeaders 0
Narrow klass pointer bits 32, Max shift 3
Narrow klass base: 0x0000000000000000, Narrow klass shift: 0
Encoding Range: [0x0000000000000000 - 0x0000000100000000), (4294967296 bytes)
Klass Range:    [0x00000000bd000000 - 0x00000000fd000000), (1073741824 bytes)
Klass ID Range:  [3170893824 - 4244635641) (1073741817)
No protection zone.

GC Precious Log:
 CardTable entry size: 512
 Card Set container configuration: InlinePtr #cards 4 size 8 Array Of Cards #cards 16 size 48 Howl #buckets 8 coarsen threshold 3686 Howl Bitmap #cards 512 size 80 coarsen threshold 460 Card regions per heap region 1 cards per card region 4096
 CPUs: 4 total, 4 available
 Memory: 3906M
 Large Page Support: Disabled
 NUMA Support: Disabled
 Compressed Oops: Enabled (Zero based)
 Heap Region Size: 2M
 Heap Min Capacity: 8M
 Heap Initial Capacity: 62M
 Heap Max Capacity: 4048M
 Pre-touch: Disabled
 Parallel Workers: 4
 Concurrent Workers: 1
 Concurrent Refinement Workers: 4
 Periodic GC: Disabled

Heap:
 garbage-first heap   total reserved 4145152K, committed 63488K, used 34014K [0x0000000703000000, 0x0000000800000000)
  region size 2048K, 7 young (14336K), 2 survivors (4096K)

Heap Regions: E=young(eden), S=young(survivor), O=old, HS=humongous(starts), HC=humongous(continues), CS=collection set, F=free, TAMS=top-at-mark-start, PB=parsable bottom
|   0|0x0000000703000000, 0x0000000703200000, 0x0000000703200000|100%|HS|  |TAMS 0x0000000703000000| PB 0x0000000703000000| Complete |  0
|   1|0x0000000703200000, 0x0000000703400000, 0x0000000703400000|100%|HC|  |TAMS 0x0000000703200000| PB 0x0000000703200000| Complete |  0
|   2|0x0000000703400000, 0x0000000703600000, 0x0000000703600000|100%| O|  |TAMS 0x0000000703400000| PB 0x0000000703400000| Untracked |  0
|   3|0x0000000703600000, 0x0000000703800000, 0x0000000703800000|100%| O|  |TAMS 0x0000000703600000| PB 0x0000000703600000| Untracked |  0
|   4|0x0000000703800000, 0x0000000703a00000, 0x0000000703a00000|100%| O|  |TAMS 0x0000000703800000| PB 0x0000000703800000| Untracked |  0
|   5|0x0000000703a00000, 0x0000000703c00000, 0x0000000703c00000|100%| O|  |TAMS 0x0000000703a00000| PB 0x0000000703a00000| Untracked |  0
|   6|0x0000000703c00000, 0x0000000703c00000, 0x0000000703e00000|  0%| F|  |TAMS 0x0000000703c00000| PB 0x0000000703c00000| Untracked |  0
|   7|0x0000000703e00000, 0x0000000704000000, 0x0000000704000000|100%| O|  |TAMS 0x0000000703e00000| PB 0x0000000703e00000| Untracked |  0
|   8|0x0000000704000000, 0x0000000704200000, 0x0000000704200000|100%| O|  |TAMS 0x0000000704000000| PB 0x0000000704000000| Untracked |  0
|   9|0x0000000704200000, 0x0000000704400000, 0x0000000704400000|100%| O|  |TAMS 0x0000000704200000| PB 0x0000000704200000| Untracked |  0
|  10|0x0000000704400000, 0x0000000704600000, 0x0000000704600000|100%| O|  |TAMS 0x0000000704400000| PB 0x0000000704400000| Untracked |  0
|  11|0x0000000704600000, 0x00000007047b6c08, 0x0000000704800000| 85%| O|  |TAMS 0x0000000704600000| PB 0x0000000704600000| Untracked |  0
|  12|0x0000000704800000, 0x0000000704800000, 0x0000000704a00000|  0%| F|  |TAMS 0x0000000704800000| PB 0x0000000704800000| Untracked |  0
|  13|0x0000000704a00000, 0x0000000704a00000, 0x0000000704c00000|  0%| F|  |TAMS 0x0000000704a00000| PB 0x0000000704a00000| Untracked |  0
|  14|0x0000000704c00000, 0x0000000704d80ce8, 0x0000000704e00000| 75%| S|CS|TAMS 0x0000000704c00000| PB 0x0000000704c00000| Complete |  0
|  15|0x0000000704e00000, 0x0000000705000000, 0x0000000705000000|100%| S|CS|TAMS 0x0000000704e00000| PB 0x0000000704e00000| Complete |  0
|  16|0x0000000705000000, 0x0000000705000000, 0x0000000705200000|  0%| F|  |TAMS 0x0000000705000000| PB 0x0000000705000000| Untracked |  0
|  17|0x0000000705200000, 0x0000000705200000, 0x0000000705400000|  0%| F|  |TAMS 0x0000000705200000| PB 0x0000000705200000| Untracked |  0
|  18|0x0000000705400000, 0x0000000705400000, 0x0000000705600000|  0%| F|  |TAMS 0x0000000705400000| PB 0x0000000705400000| Untracked |  0
|  19|0x0000000705600000, 0x0000000705600000, 0x0000000705800000|  0%| F|  |TAMS 0x0000000705600000| PB 0x0000000705600000| Untracked |  0
|  20|0x0000000705800000, 0x0000000705800000, 0x0000000705a00000|  0%| F|  |TAMS 0x0000000705800000| PB 0x0000000705800000| Untracked |  0
|  21|0x0000000705a00000, 0x0000000705a00000, 0x0000000705c00000|  0%| F|  |TAMS 0x0000000705a00000| PB 0x0000000705a00000| Untracked |  0
|  22|0x0000000705c00000, 0x0000000705c00000, 0x0000000705e00000|  0%| F|  |TAMS 0x0000000705c00000| PB 0x0000000705c00000| Untracked |  0
|  23|0x0000000705e00000, 0x0000000705e00000, 0x0000000706000000|  0%| F|  |TAMS 0x0000000705e00000| PB 0x0000000705e00000| Untracked |  0
|  24|0x0000000706000000, 0x0000000706000000, 0x0000000706200000|  0%| F|  |TAMS 0x0000000706000000| PB 0x0000000706000000| Untracked |  0
|  25|0x0000000706200000, 0x0000000706200000, 0x0000000706400000|  0%| F|  |TAMS 0x0000000706200000| PB 0x0000000706200000| Untracked |  0
|  26|0x0000000706400000, 0x00000007064d8650, 0x0000000706600000| 42%| E|  |TAMS 0x0000000706400000| PB 0x0000000706400000| Complete |  0
|  27|0x0000000706600000, 0x0000000706800000, 0x0000000706800000|100%| E|CS|TAMS 0x0000000706600000| PB 0x0000000706600000| Complete |  0
|  28|0x0000000706800000, 0x0000000706a00000, 0x0000000706a00000|100%| E|CS|TAMS 0x0000000706800000| PB 0x0000000706800000| Complete |  0
|  29|0x0000000706a00000, 0x0000000706c00000, 0x0000000706c00000|100%| E|CS|TAMS 0x0000000706a00000| PB 0x0000000706a00000| Complete |  0
|  30|0x0000000706c00000, 0x0000000706e00000, 0x0000000706e00000|100%| E|CS|TAMS 0x0000000706c00000| PB 0x0000000706c00000| Complete |  0

Card table byte_map: [0x00000228dd870000,0x00000228de060000] _byte_map_base: 0x00000228da058000

Marking Bits: (CMBitMap*) 0x00000228cabf8de0
 Bits: [0x00000228de060000, 0x00000228e1fa0000)

Polling page: 0x00000228c8950000

Metaspace:
Metaspace        used 34786K, committed 35520K, reserved 1114112K
 class space     used 4843K, committed 5184K, reserved 1048576K

Usage:
  Non-class:     29.24 MB used.
      Class:      4.73 MB used.
       Both:     33.97 MB used.

Virtual space:
  Non-class space:       64.00 MB reserved,      29.62 MB ( 46%) committed,  1 nodes.
      Class space:        1.00 GB reserved,       5.06 MB ( <1%) committed,  1 nodes.
             Both:        1.06 GB reserved,      34.69 MB (  3%) committed. 

Chunk freelists:
   Non-Class:  1.84 MB
       Class:  10.92 MB
        Both:  12.77 MB

MaxMetaspaceSize: unlimited
CompressedClassSpaceSize: 1.00 GB
Initial GC threshold: 21.00 MB
Current GC threshold: 35.12 MB
CDS: off
 - commit_granule_bytes: 65536.
 - commit_granule_words: 8192.
 - virtual_space_node_default_size: 8388608.
 - enlarge_chunks_in_place: 1.
UseCompressedClassPointers 1, UseCompactObjectHeaders 0
Narrow klass pointer bits 32, Max shift 3
Narrow klass base: 0x0000000000000000, Narrow klass shift: 0
Encoding Range: [0x0000000000000000 - 0x0000000100000000), (4294967296 bytes)
Klass Range:    [0x00000000bd000000 - 0x00000000fd000000), (1073741824 bytes)
Klass ID Range:  [3170893824 - 4244635641) (1073741817)
No protection zone.


Internal statistics:

num_allocs_failed_limit: 3.
num_arena_births: 1104.
num_arena_deaths: 0.
num_vsnodes_births: 2.
num_vsnodes_deaths: 0.
num_space_committed: 555.
num_space_uncommitted: 0.
num_chunks_returned_to_freelist: 3.
num_chunks_taken_from_freelist: 2090.
num_chunk_merges: 3.
num_chunk_splits: 1370.
num_chunks_enlarged: 917.
num_inconsistent_stats: 0.

CodeHeap 'non-profiled nmethods': size=120064Kb used=1456Kb max_used=1456Kb free=118607Kb
 bounds [0x00000228d5b40000, 0x00000228d5db0000, 0x00000228dd080000]
CodeHeap 'profiled nmethods': size=120000Kb used=5907Kb max_used=5907Kb free=114092Kb
 bounds [0x00000228ce080000, 0x00000228ce650000, 0x00000228d55b0000]
CodeHeap 'non-nmethods': size=5696Kb used=1481Kb max_used=1538Kb free=4214Kb
 bounds [0x00000228d55b0000, 0x00000228d5820000, 0x00000228d5b40000]
CodeCache: size=245760Kb, used=8844Kb, max_used=8901Kb, free=236913Kb
 total_blobs=4327, nmethods=3697, adapters=531, full_count=0
Compilation: enabled, stopped_count=0, restarted_count=0

Compilation events (20 events):
Event: 22.963 Thread 0x00000228e471cad0 3627       3       org.objectweb.asm.Frame::pop (53 bytes)
Event: 22.964 Thread 0x00000228e471cad0 nmethod 3627 0x00000228ce61a888 code [0x00000228ce61a980, 0x00000228ce61b1b0]
Event: 22.964 Thread 0x00000228e471cad0 3628       3       org.objectweb.asm.Type::getReturnTypeOffset (64 bytes)
Event: 22.965 Thread 0x00000228e471cad0 nmethod 3628 0x00000228ce61b208 code [0x00000228ce61b300, 0x00000228ce61c7a0]
Event: 22.965 Thread 0x00000228e471cad0 3629       3       org.objectweb.asm.MethodWriter::visitLabel (332 bytes)
Event: 22.966 Thread 0x00000228e471cad0 nmethod 3629 0x00000228ce61c808 code [0x00000228ce61c900, 0x00000228ce61d6a8]
Event: 22.966 Thread 0x00000228e471cad0 3631       3       org.objectweb.asm.Handler::getExceptionTableLength (21 bytes)
Event: 22.967 Thread 0x00000228e471cad0 nmethod 3631 0x00000228ce61d708 code [0x00000228ce61d800, 0x00000228ce61d990]
Event: 22.967 Thread 0x00000228e471cad0 3632       3       org.objectweb.asm.ByteVector::putInt (74 bytes)
Event: 22.968 Thread 0x00000228e471cad0 nmethod 3632 0x00000228ce61da08 code [0x00000228ce61db00, 0x00000228ce61dd50]
Event: 22.968 Thread 0x00000228e471cad0 3633       1       org.objectweb.asm.MethodWriter::hasAsmInstructions (5 bytes)
Event: 22.968 Thread 0x00000228e471cad0 nmethod 3633 0x00000228d5caae88 code [0x00000228d5caaf80, 0x00000228d5cab050]
Event: 22.968 Thread 0x00000228e471cad0 3630       1       org.objectweb.asm.SymbolTable::getClassName (5 bytes)
Event: 22.968 Thread 0x00000228e471cad0 nmethod 3630 0x00000228d5cab188 code [0x00000228d5cab280, 0x00000228d5cab348]
Event: 22.969 Thread 0x00000228e471cad0 3635       3       org.gradle.internal.instantiation.generator.AbstractClassGenerator$PropertyMetadata::getType (34 bytes)
Event: 22.970 Thread 0x00000228e471cad0 nmethod 3635 0x00000228ce61dd88 code [0x00000228ce61de80, 0x00000228ce61e528]
Event: 22.970 Thread 0x00000228e471cad0 3636       3       java.util.ArrayList::<init> (65 bytes)
Event: 22.970 Thread 0x00000228e471cad0 nmethod 3636 0x00000228ce61e588 code [0x00000228ce61e680, 0x00000228ce61eca8]
Event: 22.970 Thread 0x00000228e471cad0 3634       3       com.google.common.collect.ImmutableList$Builder::add (29 bytes)
Event: 22.971 Thread 0x00000228e471cad0 nmethod 3634 0x00000228ce61ed08 code [0x00000228ce61ee00, 0x00000228ce61f220]

GC Heap Usage History (16 events):
Event: 8.987 {heap Before GC invocations=0 (full 0):
 garbage-first heap   total reserved 4145152K, committed 63488K, used 30720K [0x0000000703000000, 0x0000000800000000)
  region size 2048K, 14 young (28672K), 0 survivors (0K)
}
Event: 9.012 {heap After GC invocations=1 (full 0):
 garbage-first heap   total reserved 4145152K, committed 63488K, used 10956K [0x0000000703000000, 0x0000000800000000)
  region size 2048K, 2 young (4096K), 2 survivors (4096K)
}
Event: 10.988 {heap Before GC invocations=1 (full 0):
 garbage-first heap   total reserved 4145152K, committed 63488K, used 31436K [0x0000000703000000, 0x0000000800000000)
  region size 2048K, 12 young (24576K), 2 survivors (4096K)
}
Event: 11.007 {heap After GC invocations=2 (full 0):
 garbage-first heap   total reserved 4145152K, committed 63488K, used 12491K [0x0000000703000000, 0x0000000800000000)
  region size 2048K, 1 young (2048K), 1 survivors (2048K)
}
Event: 13.081 {heap Before GC invocations=2 (full 0):
 garbage-first heap   total reserved 4145152K, committed 63488K, used 35019K [0x0000000703000000, 0x0000000800000000)
  region size 2048K, 13 young (26624K), 1 survivors (2048K)
}
Event: 13.088 {heap After GC invocations=3 (full 0):
 garbage-first heap   total reserved 4145152K, committed 63488K, used 16801K [0x0000000703000000, 0x0000000800000000)
  region size 2048K, 2 young (4096K), 2 survivors (4096K)
}
Event: 14.765 {heap Before GC invocations=3 (full 0):
 garbage-first heap   total reserved 4145152K, committed 63488K, used 41377K [0x0000000703000000, 0x0000000800000000)
  region size 2048K, 14 young (28672K), 2 survivors (4096K)
}
Event: 14.776 {heap After GC invocations=4 (full 0):
 garbage-first heap   total reserved 4145152K, committed 63488K, used 19405K [0x0000000703000000, 0x0000000800000000)
  region size 2048K, 2 young (4096K), 2 survivors (4096K)
}
Event: 17.618 {heap Before GC invocations=4 (full 0):
 garbage-first heap   total reserved 4145152K, committed 63488K, used 29645K [0x0000000703000000, 0x0000000800000000)
  region size 2048K, 8 young (16384K), 2 survivors (4096K)
}
Event: 17.630 {heap After GC invocations=5 (full 0):
 garbage-first heap   total reserved 4145152K, committed 63488K, used 20817K [0x0000000703000000, 0x0000000800000000)
  region size 2048K, 2 young (4096K), 2 survivors (4096K)
}
Event: 19.172 {heap Before GC invocations=6 (full 0):
 garbage-first heap   total reserved 4145152K, committed 63488K, used 47441K [0x0000000703000000, 0x0000000800000000)
  region size 2048K, 15 young (30720K), 2 survivors (4096K)
}
Event: 19.189 {heap After GC invocations=7 (full 0):
 garbage-first heap   total reserved 4145152K, committed 63488K, used 22616K [0x0000000703000000, 0x0000000800000000)
  region size 2048K, 2 young (4096K), 2 survivors (4096K)
}
Event: 21.121 {heap Before GC invocations=7 (full 0):
 garbage-first heap   total reserved 4145152K, committed 63488K, used 49240K [0x0000000703000000, 0x0000000800000000)
  region size 2048K, 15 young (30720K), 2 survivors (4096K)
}
Event: 21.134 {heap After GC invocations=8 (full 0):
 garbage-first heap   total reserved 4145152K, committed 63488K, used 23744K [0x0000000703000000, 0x0000000800000000)
  region size 2048K, 2 young (4096K), 2 survivors (4096K)
}
Event: 22.613 {heap Before GC invocations=8 (full 0):
 garbage-first heap   total reserved 4145152K, committed 63488K, used 50368K [0x0000000703000000, 0x0000000800000000)
  region size 2048K, 15 young (30720K), 2 survivors (4096K)
}
Event: 22.641 {heap After GC invocations=9 (full 0):
 garbage-first heap   total reserved 4145152K, committed 63488K, used 25822K [0x0000000703000000, 0x0000000800000000)
  region size 2048K, 2 young (4096K), 2 survivors (4096K)
}

Metaspace Usage History (16 events):
Event: 8.987 {metaspace Before GC invocations=0 (full 0):
 Metaspace       used 11602K, committed 11776K, reserved 1114112K
  class space    used 1248K, committed 1344K, reserved 1048576K
}
Event: 9.012 {metaspace After GC invocations=1 (full 0):
 Metaspace       used 11602K, committed 11776K, reserved 1114112K
  class space    used 1248K, committed 1344K, reserved 1048576K
}
Event: 10.988 {metaspace Before GC invocations=1 (full 0):
 Metaspace       used 13225K, committed 13376K, reserved 1114112K
  class space    used 1500K, committed 1536K, reserved 1048576K
}
Event: 11.007 {metaspace After GC invocations=2 (full 0):
 Metaspace       used 13225K, committed 13376K, reserved 1114112K
  class space    used 1500K, committed 1536K, reserved 1048576K
}
Event: 13.081 {metaspace Before GC invocations=2 (full 0):
 Metaspace       used 13371K, committed 13504K, reserved 1114112K
  class space    used 1501K, committed 1536K, reserved 1048576K
}
Event: 13.088 {metaspace After GC invocations=3 (full 0):
 Metaspace       used 13371K, committed 13504K, reserved 1114112K
  class space    used 1501K, committed 1536K, reserved 1048576K
}
Event: 14.765 {metaspace Before GC invocations=3 (full 0):
 Metaspace       used 17079K, committed 17344K, reserved 1114112K
  class space    used 2045K, committed 2176K, reserved 1048576K
}
Event: 14.776 {metaspace After GC invocations=4 (full 0):
 Metaspace       used 17079K, committed 17344K, reserved 1114112K
  class space    used 2045K, committed 2176K, reserved 1048576K
}
Event: 17.618 {metaspace Before GC invocations=4 (full 0):
 Metaspace       used 21213K, committed 21504K, reserved 1114112K
  class space    used 2563K, committed 2688K, reserved 1048576K
}
Event: 17.630 {metaspace After GC invocations=5 (full 0):
 Metaspace       used 21213K, committed 21504K, reserved 1114112K
  class space    used 2563K, committed 2688K, reserved 1048576K
}
Event: 19.172 {metaspace Before GC invocations=6 (full 0):
 Metaspace       used 25771K, committed 26112K, reserved 1114112K
  class space    used 3311K, committed 3456K, reserved 1048576K
}
Event: 19.189 {metaspace After GC invocations=7 (full 0):
 Metaspace       used 25771K, committed 26112K, reserved 1114112K
  class space    used 3311K, committed 3456K, reserved 1048576K
}
Event: 21.121 {metaspace Before GC invocations=7 (full 0):
 Metaspace       used 30068K, committed 30528K, reserved 1114112K
  class space    used 4006K, committed 4224K, reserved 1048576K
}
Event: 21.135 {metaspace After GC invocations=8 (full 0):
 Metaspace       used 30068K, committed 30528K, reserved 1114112K
  class space    used 4006K, committed 4224K, reserved 1048576K
}
Event: 22.613 {metaspace Before GC invocations=8 (full 0):
 Metaspace       used 33637K, committed 34240K, reserved 1114112K
  class space    used 4660K, committed 4928K, reserved 1048576K
}
Event: 22.641 {metaspace After GC invocations=9 (full 0):
 Metaspace       used 33637K, committed 34240K, reserved 1114112K
  class space    used 4660K, committed 4928K, reserved 1048576K
}

Dll operation events (3 events):
Event: 0.072 Loaded shared library C:\Program Files\Android\Android Studio1\jbr\bin\java.dll
Event: 0.102 Loaded shared library C:\Program Files\Android\Android Studio1\jbr\bin\zip.dll
Event: 8.266 Loaded shared library C:\Program Files\Android\Android Studio1\jbr\bin\verify.dll

Deoptimization events (20 events):
Event: 19.810 Thread 0x00000228e9412400 Uncommon trap: trap_request=0xffffff45 fr.pc=0x00000228d5c48480 relative=0x0000000000000700
Event: 19.810 Thread 0x00000228e9412400 Uncommon trap: reason=unstable_if action=reinterpret pc=0x00000228d5c48480 method=java.util.HashMap.hash(Ljava/lang/Object;)I @ 1 c2
Event: 19.810 Thread 0x00000228e9412400 DEOPT PACKING pc=0x00000228d5c48480 sp=0x000000d5c73fc8a0
Event: 19.810 Thread 0x00000228e9412400 DEOPT UNPACKING pc=0x00000228d5634602 sp=0x000000d5c73fc800 mode 2
Event: 21.778 Thread 0x00000228e9412400 Uncommon trap: trap_request=0xffffff45 fr.pc=0x00000228d5c91d50 relative=0x0000000000000150
Event: 21.778 Thread 0x00000228e9412400 Uncommon trap: reason=unstable_if action=reinterpret pc=0x00000228d5c91d50 method=jdk.internal.classfile.impl.StackMapGenerator.detectFrames()V @ 42 c2
Event: 21.778 Thread 0x00000228e9412400 DEOPT PACKING pc=0x00000228d5c91d50 sp=0x000000d5c73fb110
Event: 21.778 Thread 0x00000228e9412400 DEOPT UNPACKING pc=0x00000228d5634602 sp=0x000000d5c73fb078 mode 2
Event: 22.871 Thread 0x00000228e9412400 Uncommon trap: trap_request=0xffffff45 fr.pc=0x00000228d5c8e000 relative=0x0000000000000100
Event: 22.871 Thread 0x00000228e9412400 Uncommon trap: reason=unstable_if action=reinterpret pc=0x00000228d5c8e000 method=java.util.Arrays.equals([Ljava/lang/Object;[Ljava/lang/Object;)Z @ 44 c2
Event: 22.871 Thread 0x00000228e9412400 DEOPT PACKING pc=0x00000228d5c8e000 sp=0x000000d5c73fb980
Event: 22.872 Thread 0x00000228e9412400 DEOPT UNPACKING pc=0x00000228d5634602 sp=0x000000d5c73fb920 mode 2
Event: 22.872 Thread 0x00000228e9412400 Uncommon trap: trap_request=0xffffff45 fr.pc=0x00000228d5ca8b68 relative=0x00000000000001e8
Event: 22.872 Thread 0x00000228e9412400 Uncommon trap: reason=unstable_if action=reinterpret pc=0x00000228d5ca8b68 method=java.util.HashMap.getNode(Ljava/lang/Object;)Ljava/util/HashMap$Node; @ 131 c2
Event: 22.872 Thread 0x00000228e9412400 DEOPT PACKING pc=0x00000228d5ca8b68 sp=0x000000d5c73fba40
Event: 22.872 Thread 0x00000228e9412400 DEOPT UNPACKING pc=0x00000228d5634602 sp=0x000000d5c73fb960 mode 2
Event: 22.872 Thread 0x00000228e9412400 Uncommon trap: trap_request=0xffffff45 fr.pc=0x00000228d5c8e6f4 relative=0x00000000000001f4
Event: 22.872 Thread 0x00000228e9412400 Uncommon trap: reason=unstable_if action=reinterpret pc=0x00000228d5c8e6f4 method=java.util.HashMap.getNode(Ljava/lang/Object;)Ljava/util/HashMap$Node; @ 131 c2
Event: 22.872 Thread 0x00000228e9412400 DEOPT PACKING pc=0x00000228d5c8e6f4 sp=0x000000d5c73fb9e0
Event: 22.872 Thread 0x00000228e9412400 DEOPT UNPACKING pc=0x00000228d5634602 sp=0x000000d5c73fb960 mode 2

Classes loaded (20 events):
Event: 21.776 Loading class sun/invoke/util/BytecodeDescriptor
Event: 21.777 Loading class sun/invoke/util/BytecodeDescriptor done
Event: 21.777 Loading class jdk/internal/classfile/impl/AbstractPoolEntry$IntegerEntryImpl
Event: 21.777 Loading class java/lang/classfile/constantpool/IntegerEntry
Event: 21.777 Loading class java/lang/classfile/constantpool/IntegerEntry done
Event: 21.777 Loading class jdk/internal/classfile/impl/AbstractPoolEntry$IntegerEntryImpl done
Event: 21.978 Loading class java/lang/FunctionalInterface
Event: 21.978 Loading class java/lang/FunctionalInterface done
Event: 22.205 Loading class javax/xml/parsers/ParserConfigurationException
Event: 22.206 Loading class javax/xml/parsers/ParserConfigurationException done
Event: 22.206 Loading class org/xml/sax/SAXException
Event: 22.207 Loading class org/xml/sax/SAXException done
Event: 22.207 Loading class javax/xml/xpath/XPathExpressionException
Event: 22.207 Loading class javax/xml/xpath/XPathException
Event: 22.208 Loading class javax/xml/xpath/XPathException done
Event: 22.208 Loading class javax/xml/xpath/XPathExpressionException done
Event: 22.209 Loading class org/xml/sax/ErrorHandler
Event: 22.209 Loading class org/xml/sax/ErrorHandler done
Event: 22.229 Loading class java/nio/file/AtomicMoveNotSupportedException
Event: 22.229 Loading class java/nio/file/AtomicMoveNotSupportedException done

Classes unloaded (0 events):
No events

Classes redefined (0 events):
No events

Internal exceptions (20 events):
Event: 21.079 Thread 0x00000228e9412400 Exception <a 'java/lang/NoSuchMethodError'{0x00000007055520a0}: 'java.lang.Object java.lang.invoke.Invokers$Holder.invoker(java.lang.Object, java.lang.Object, java.lang.Object, java.lang.Object, java.lang.Object)'> (0x00000007055520a0) 
thrown [s\src\hotspot\share\interpreter\linkResolver.cpp, line 815]
Event: 21.283 Thread 0x00000228e9412400 Exception <a 'java/lang/NoSuchMethodError'{0x0000000706b61148}: 'java.lang.Object java.lang.invoke.DirectMethodHandle$Holder.newInvokeSpecial(java.lang.Object, java.lang.Object, java.lang.Object, java.lang.Object, java.lang.Object, java.lang.Object, java.lang.Object, java.lang.Object, java.lang.Object, java.lang.Object)'> (0x0000000706b61148) 
thrown [s\src\hotspot\share\interpreter\linkResolver.cpp, line 815]
Event: 21.328 Thread 0x00000228e9412400 Exception <a 'java/lang/NoSuchMethodError'{0x00000007068e0f10}: 'java.lang.Object java.lang.invoke.DirectMethodHandle$Holder.invokeVirtual(java.lang.Object, java.lang.Object, java.lang.Object, java.lang.Object, java.lang.Object, java.lang.Object, java.lang.Object, java.lang.Object, java.lang.Object, java.lang.Object, java.lang.Object)'> (0x00000007068e0f10) 
thrown [s\src\hotspot\share\interpreter\linkResolver.cpp, line 815]
Event: 21.340 Thread 0x00000228e9412400 Exception <a 'sun/nio/fs/WindowsException'{0x0000000706961de8}> (0x0000000706961de8) 
thrown [s\src\hotspot\share\prims\jni.cpp, line 535]
Event: 21.340 Thread 0x00000228e9412400 Exception <a 'sun/nio/fs/WindowsException'{0x0000000706963448}> (0x0000000706963448) 
thrown [s\src\hotspot\share\prims\jni.cpp, line 535]
Event: 21.340 Thread 0x00000228e9412400 Exception <a 'sun/nio/fs/WindowsException'{0x0000000706964fa8}> (0x0000000706964fa8) 
thrown [s\src\hotspot\share\prims\jni.cpp, line 535]
Event: 21.341 Thread 0x00000228e9412400 Exception <a 'sun/nio/fs/WindowsException'{0x0000000706969638}> (0x0000000706969638) 
thrown [s\src\hotspot\share\prims\jni.cpp, line 535]
Event: 21.698 Thread 0x00000228e9412400 Exception <a 'java/lang/NoSuchMethodError'{0x00000007065b4e50}: 'java.lang.Object java.lang.invoke.DelegatingMethodHandle$Holder.reinvoke_L(java.lang.Object, java.lang.Object, java.lang.Object, java.lang.Object, java.lang.Object, java.lang.Object, java.lang.Object, java.lang.Object, java.lang.Object, java.lang.Object, java.lang.Object, java.lang.Object, java.lang.Object, java.lang.Object, java.lang.Object, java.lang.Object, java.lang.Object, java.lang.Object, java.lang.Object, java.lang.Object, java.lang.O
Event: 21.744 Thread 0x00000228e9412400 Exception <a 'java/lang/NoSuchMethodError'{0x000000070632a8e8}: 'java.lang.Object java.lang.invoke.DirectMethodHandle$Holder.invokeStatic(java.lang.Object, java.lang.Object, java.lang.Object, java.lang.Object, java.lang.Object, java.lang.Object, java.lang.Object, java.lang.Object, java.lang.Object, java.lang.Object, java.lang.Object, java.lang.Object, java.lang.Object, java.lang.Object, java.lang.Object, java.lang.Object, java.lang.Object, java.lang.Object, java.lang.Object, java.lang.Object, java.lang.Obj
Event: 21.760 Thread 0x00000228e9412400 Exception <a 'java/lang/NoSuchMethodError'{0x0000000706368988}: 'java.lang.Object java.lang.invoke.DirectMethodHandle$Holder.invokeStatic(java.lang.Object, java.lang.Object, java.lang.Object, java.lang.Object, java.lang.Object, java.lang.Object, java.lang.Object, java.lang.Object, java.lang.Object, java.lang.Object, java.lang.Object, java.lang.Object, java.lang.Object, java.lang.Object, java.lang.Object, java.lang.Object, java.lang.Object, java.lang.Object, java.lang.Object, java.lang.Object, java.lang.Obj
Event: 21.772 Thread 0x00000228e9412400 Exception <a 'java/lang/NoSuchMethodError'{0x00000007063d3fb0}: 'int java.lang.invoke.DirectMethodHandle$Holder.invokeStatic(java.lang.Object, java.lang.Object, java.lang.Object, java.lang.Object)'> (0x00000007063d3fb0) 
thrown [s\src\hotspot\share\interpreter\linkResolver.cpp, line 815]
Event: 21.806 Thread 0x00000228e9412400 Exception <a 'java/lang/IncompatibleClassChangeError'{0x000000070607c1f0}: Found class java.lang.Object, but interface was expected> (0x000000070607c1f0) 
thrown [s\src\hotspot\share\interpreter\linkResolver.cpp, line 882]
Event: 21.905 Thread 0x00000228e9412400 Exception <a 'java/lang/NoSuchMethodError'{0x0000000705ea1568}: 'void java.lang.invoke.DirectMethodHandle$Holder.invokeVirtual(java.lang.Object, java.lang.Object, java.lang.Object, java.lang.Object, java.lang.Object)'> (0x0000000705ea1568) 
thrown [s\src\hotspot\share\interpreter\linkResolver.cpp, line 815]
Event: 21.998 Thread 0x00000228e9412400 Exception <a 'sun/nio/fs/WindowsException'{0x0000000705d4a020}> (0x0000000705d4a020) 
thrown [s\src\hotspot\share\prims\jni.cpp, line 535]
Event: 22.039 Thread 0x00000228e9412400 Exception <a 'java/lang/NoSuchMethodError'{0x0000000705a899c0}: 'java.lang.Object java.lang.invoke.Invokers$Holder.invoker(java.lang.Object, java.lang.Object, java.lang.Object, java.lang.Object)'> (0x0000000705a899c0) 
thrown [s\src\hotspot\share\interpreter\linkResolver.cpp, line 815]
Event: 22.153 Thread 0x00000228e9412400 Exception <a 'java/lang/NoSuchMethodError'{0x000000070596c8a8}: 'java.lang.Object java.lang.invoke.DirectMethodHandle$Holder.invokeVirtual(java.lang.Object, java.lang.Object, java.lang.Object, java.lang.Object, java.lang.Object, java.lang.Object, java.lang.Object, java.lang.Object, java.lang.Object, java.lang.Object, java.lang.Object, java.lang.Object, java.lang.Object, java.lang.Object, java.lang.Object, java.lang.Object, java.lang.Object, java.lang.Object, java.lang.Object, java.lang.Object, java.lang.Ob
Event: 22.251 Thread 0x00000228e9412400 Exception <a 'java/lang/NoSuchMethodError'{0x00000007057285c0}: 'java.lang.Object java.lang.invoke.DirectMethodHandle$Holder.invokeSpecial(java.lang.Object, java.lang.Object, java.lang.Object, java.lang.Object, java.lang.Object, java.lang.Object, java.lang.Object, java.lang.Object, java.lang.Object, java.lang.Object, java.lang.Object, java.lang.Object, java.lang.Object, java.lang.Object, java.lang.Object, java.lang.Object, java.lang.Object, java.lang.Object, java.lang.Object, java.lang.Object, java.lang.Ob
Event: 22.784 Thread 0x00000228e9412400 Exception <a 'java/lang/NoSuchMethodError'{0x0000000706c47630}: 'void java.lang.invoke.DirectMethodHandle$Holder.invokeVirtual(java.lang.Object, java.lang.Object, java.lang.Object, java.lang.Object, java.lang.Object, java.lang.Object)'> (0x0000000706c47630) 
thrown [s\src\hotspot\share\interpreter\linkResolver.cpp, line 815]
Event: 22.785 Thread 0x00000228e9412400 Exception <a 'java/lang/NoSuchMethodError'{0x0000000706c50418}: 'void java.lang.invoke.DelegatingMethodHandle$Holder.reinvoke_L(java.lang.Object, java.lang.Object, java.lang.Object, java.lang.Object, java.lang.Object, java.lang.Object)'> (0x0000000706c50418) 
thrown [s\src\hotspot\share\interpreter\linkResolver.cpp, line 815]
Event: 22.920 Thread 0x00000228e9412400 Exception <a 'java/lang/NoSuchMethodError'{0x0000000706a395d0}: 'java.lang.Object java.lang.invoke.DirectMethodHandle$Holder.newInvokeSpecial(java.lang.Object, java.lang.Object, java.lang.Object, java.lang.Object, java.lang.Object, java.lang.Object, java.lang.Object)'> (0x0000000706a395d0) 
thrown [s\src\hotspot\share\interpreter\linkResolver.cpp, line 815]

VM Operations (20 events):
Event: 17.381 Executing non-safepoint VM operation: HandshakeAllThreads (Deoptimize)
Event: 17.381 Executing non-safepoint VM operation: HandshakeAllThreads (Deoptimize) done
Event: 17.618 Executing safepoint VM operation: CollectForMetadataAllocation (Metadata GC Threshold)
Event: 17.630 Executing safepoint VM operation: CollectForMetadataAllocation (Metadata GC Threshold) done
Event: 17.648 Executing safepoint VM operation: G1PauseRemark
Event: 17.653 Executing safepoint VM operation: G1PauseRemark done
Event: 17.658 Executing safepoint VM operation: G1PauseCleanup
Event: 17.659 Executing safepoint VM operation: G1PauseCleanup done
Event: 18.832 Executing non-safepoint VM operation: HandshakeAllThreads (Deoptimize)
Event: 18.832 Executing non-safepoint VM operation: HandshakeAllThreads (Deoptimize) done
Event: 19.172 Executing safepoint VM operation: G1CollectForAllocation (G1 Evacuation Pause)
Event: 19.189 Executing safepoint VM operation: G1CollectForAllocation (G1 Evacuation Pause) done
Event: 20.142 Executing non-safepoint VM operation: HandshakeAllThreads (Deoptimize)
Event: 20.142 Executing non-safepoint VM operation: HandshakeAllThreads (Deoptimize) done
Event: 20.143 Executing non-safepoint VM operation: HandshakeAllThreads (Deoptimize)
Event: 20.144 Executing non-safepoint VM operation: HandshakeAllThreads (Deoptimize) done
Event: 21.121 Executing safepoint VM operation: G1CollectForAllocation (G1 Evacuation Pause)
Event: 21.135 Executing safepoint VM operation: G1CollectForAllocation (G1 Evacuation Pause) done
Event: 22.613 Executing safepoint VM operation: G1CollectForAllocation (G1 Evacuation Pause)
Event: 22.641 Executing safepoint VM operation: G1CollectForAllocation (G1 Evacuation Pause) done

Memory protections (0 events):
No events

Nmethod flushes (0 events):
No events

Events (20 events):
Event: 2.070 Thread 0x00000228cab90be0 Thread added: 0x00000228e4a48fb0
Event: 5.387 Loaded shared library C:\Program Files\Android\Android Studio1\jbr\bin\jimage.dll
Event: 8.508 Loaded shared library C:\Users\Nitin Jain\.gradle\native\660c5614fbf4a5f2a75b1949f50a0caf5cd603558e7d8a26e50b933a0cfb79d1\windows-amd64\native-platform.dll
Event: 8.634 Loaded shared library C:\Users\Nitin Jain\.gradle\native\0.2.8\x86_64-windows-gnu\gradle-fileevents.dll
Event: 14.502 Loaded shared library C:\Program Files\Android\Android Studio1\jbr\bin\management.dll
Event: 14.541 Loaded shared library C:\Program Files\Android\Android Studio1\jbr\bin\management_ext.dll
Event: 14.664 Thread 0x00000228cab90be0 Thread added: 0x00000228eb91bb00
Event: 15.331 Loaded shared library C:\Program Files\Android\Android Studio1\jbr\bin\extnet.dll
Event: 15.892 Thread 0x00000228cab90be0 Thread added: 0x00000228eb7877c0
Event: 16.217 Thread 0x00000228cab90be0 Thread added: 0x00000228eba4f4c0
Event: 17.645 Thread 0x00000228eb7877c0 Thread added: 0x00000228e946d170
Event: 17.665 Thread 0x00000228e946d170 Thread added: 0x00000228ea089300
Event: 17.881 Thread 0x00000228e946d170 Thread added: 0x00000228e940ddb0
Event: 17.897 Thread 0x00000228e946d170 Thread added: 0x00000228e9412400
Event: 17.926 Thread 0x00000228e9412400 Thread added: 0x00000228e94104c0
Event: 17.965 Thread 0x00000228e9412400 Thread added: 0x00000228e940ed50
Event: 17.994 Thread 0x00000228e9412400 Thread added: 0x00000228e940f520
Event: 19.311 Thread 0x00000228e9412400 Thread added: 0x00000228e94133a0
Event: 19.330 Thread 0x00000228e9412400 Thread added: 0x00000228e94152e0
Event: 19.571 Thread 0x00000228e9412400 Thread added: 0x00000228eadcaa00


Dynamic libraries:
0x00007ff76d970000 - 0x00007ff76d97a000 	C:\Program Files\Android\Android Studio1\jbr\bin\java.exe
0x00007ff8491e0000 - 0x00007ff849446000 	C:\WINDOWS\SYSTEM32\ntdll.dll
0x00007ff847ba0000 - 0x00007ff847c69000 	C:\WINDOWS\System32\KERNEL32.DLL
0x00007ff846420000 - 0x00007ff84681f000 	C:\WINDOWS\System32\KERNELBASE.dll
0x00007ff846d00000 - 0x00007ff846e4c000 	C:\WINDOWS\System32\ucrtbase.dll
0x00007ff81af70000 - 0x00007ff81af8b000 	C:\Program Files\Android\Android Studio1\jbr\bin\VCRUNTIME140.dll
0x00007ff821c90000 - 0x00007ff821ca6000 	C:\Program Files\Android\Android Studio1\jbr\bin\jli.dll
0x00007ff848fb0000 - 0x00007ff849176000 	C:\WINDOWS\System32\USER32.dll
0x00007ff8463f0000 - 0x00007ff846417000 	C:\WINDOWS\System32\win32u.dll
0x00007ff847f60000 - 0x00007ff847f8b000 	C:\WINDOWS\System32\GDI32.dll
0x00007ff846bd0000 - 0x00007ff846cf9000 	C:\WINDOWS\System32\gdi32full.dll
0x00007ff833300000 - 0x00007ff833591000 	C:\WINDOWS\WinSxS\amd64_microsoft.windows.common-controls_6595b64144ccf1df_6.0.26100.8972_none_3e0da176e32f9d4b\COMCTL32.dll
0x00007ff846e60000 - 0x00007ff846f03000 	C:\WINDOWS\System32\msvcp_win.dll
0x00007ff848550000 - 0x00007ff8485f9000 	C:\WINDOWS\System32\msvcrt.dll
0x00007ff846f10000 - 0x00007ff846f42000 	C:\WINDOWS\System32\IMM32.DLL
0x00007ff842cc0000 - 0x00007ff842ccc000 	C:\Program Files\Android\Android Studio1\jbr\bin\vcruntime140_1.dll
0x00007fffda670000 - 0x00007fffda6fd000 	C:\Program Files\Android\Android Studio1\jbr\bin\msvcp140.dll
0x00007fffbb560000 - 0x00007fffbc43a000 	C:\Program Files\Android\Android Studio1\jbr\bin\server\jvm.dll
0x00007ff847880000 - 0x00007ff84793c000 	C:\WINDOWS\System32\ADVAPI32.dll
0x00007ff848300000 - 0x00007ff8483a9000 	C:\WINDOWS\System32\sechost.dll
0x00007ff847e00000 - 0x00007ff847f18000 	C:\WINDOWS\System32\RPCRT4.dll
0x00007ff847f90000 - 0x00007ff848012000 	C:\WINDOWS\System32\WS2_32.dll
0x00007ff82ea90000 - 0x00007ff82eac6000 	C:\WINDOWS\SYSTEM32\WINMM.dll
0x00007ff839eb0000 - 0x00007ff839ebb000 	C:\WINDOWS\SYSTEM32\VERSION.dll
0x00007ff846270000 - 0x00007ff8462ce000 	C:\WINDOWS\SYSTEM32\POWRPROF.dll
0x00007ff846250000 - 0x00007ff846265000 	C:\WINDOWS\SYSTEM32\UMPDC.dll
0x00007ff8450a0000 - 0x00007ff8450bb000 	C:\WINDOWS\SYSTEM32\kernel.appcore.dll
0x00007ff83e2c0000 - 0x00007ff83e2ca000 	C:\Program Files\Android\Android Studio1\jbr\bin\jimage.dll
0x00007ff843ab0000 - 0x00007ff843cf2000 	C:\WINDOWS\SYSTEM32\DBGHELP.DLL
0x00007ff848a90000 - 0x00007ff848e15000 	C:\WINDOWS\System32\combase.dll
0x00007ff848220000 - 0x00007ff8482f9000 	C:\WINDOWS\System32\OLEAUT32.dll
0x00007ff82d570000 - 0x00007ff82d5ab000 	C:\WINDOWS\SYSTEM32\dbgcore.DLL
0x00007ff846b10000 - 0x00007ff846bbc000 	C:\WINDOWS\System32\bcryptPrimitives.dll
0x00007ff842d20000 - 0x00007ff842d2e000 	C:\Program Files\Android\Android Studio1\jbr\bin\instrument.dll
0x00007ff81af50000 - 0x00007ff81af6f000 	C:\Program Files\Android\Android Studio1\jbr\bin\java.dll
0x00007ff8483b0000 - 0x00007ff848549000 	C:\WINDOWS\System32\ole32.dll
0x00007ff8470d0000 - 0x00007ff847858000 	C:\WINDOWS\System32\SHELL32.dll
0x00007ff817520000 - 0x00007ff817537000 	C:\Program Files\Android\Android Studio1\jbr\bin\zip.dll
0x00007ff843e80000 - 0x00007ff84471b000 	C:\WINDOWS\SYSTEM32\windows.storage.dll
0x00007ff847d00000 - 0x00007ff847df9000 	C:\WINDOWS\System32\SHCORE.dll
0x00007ff848020000 - 0x00007ff848086000 	C:\WINDOWS\System32\shlwapi.dll
0x00007ff846310000 - 0x00007ff846339000 	C:\WINDOWS\SYSTEM32\profapi.dll
0x00007ff833930000 - 0x00007ff833940000 	C:\Program Files\Android\Android Studio1\jbr\bin\net.dll
0x00007ff845630000 - 0x00007ff84569c000 	C:\WINDOWS\system32\mswsock.dll
0x00007ff817500000 - 0x00007ff817516000 	C:\Program Files\Android\Android Studio1\jbr\bin\nio.dll
0x00007ff81af90000 - 0x00007ff81afa0000 	C:\Program Files\Android\Android Studio1\jbr\bin\verify.dll
0x00007ff82dbe0000 - 0x00007ff82dc07000 	C:\Users\Nitin Jain\.gradle\native\660c5614fbf4a5f2a75b1949f50a0caf5cd603558e7d8a26e50b933a0cfb79d1\windows-amd64\native-platform.dll
0x00007ff823af0000 - 0x00007ff823b67000 	C:\Users\Nitin Jain\.gradle\native\0.2.8\x86_64-windows-gnu\gradle-fileevents.dll
0x00007ff830b80000 - 0x00007ff830b89000 	C:\Program Files\Android\Android Studio1\jbr\bin\management.dll
0x00007ff82fe80000 - 0x00007ff82fe8b000 	C:\Program Files\Android\Android Studio1\jbr\bin\management_ext.dll
0x00007ff847f50000 - 0x00007ff847f58000 	C:\WINDOWS\System32\PSAPI.DLL
0x00007ff844aa0000 - 0x00007ff844ad3000 	C:\WINDOWS\SYSTEM32\IPHLPAPI.DLL
0x00007ff846f50000 - 0x00007ff846f5a000 	C:\WINDOWS\System32\NSI.dll
0x00007ff831960000 - 0x00007ff831969000 	C:\Program Files\Android\Android Studio1\jbr\bin\extnet.dll
0x00007ff845a50000 - 0x00007ff845a6b000 	C:\WINDOWS\SYSTEM32\CRYPTSP.dll
0x00007ff845000000 - 0x00007ff845039000 	C:\WINDOWS\system32\rsaenh.dll
0x00007ff8456e0000 - 0x00007ff845712000 	C:\WINDOWS\SYSTEM32\USERENV.dll
0x00007ff8462e0000 - 0x00007ff84630a000 	C:\WINDOWS\SYSTEM32\bcrypt.dll
0x00007ff845a20000 - 0x00007ff845a2c000 	C:\WINDOWS\SYSTEM32\CRYPTBASE.dll
0x00007ff809220000 - 0x00007ff809228000 	C:\WINDOWS\system32\wshunix.dll

JVMTI agents:
C:\Users\Nitin Jain\.gradle\wrapper\dists\gradle-9.5.0-bin\bvnork1r7n8i6kp5cnkibsc9q\gradle-9.5.0\lib\agents\gradle-instrumentation-agent-9.5.0.jar path:C:\Program Files\Android\Android Studio1\jbr\bin\instrument.dll, loaded, initialized, instrumentlib options:none

dbghelp: loaded successfully - version: 4.0.5 - missing functions: none
symbol engine: initialized successfully - sym options: 0x614 - pdb path: .;C:\Program Files\Android\Android Studio1\jbr\bin;C:\WINDOWS\SYSTEM32;C:\WINDOWS\WinSxS\amd64_microsoft.windows.common-controls_6595b64144ccf1df_6.0.26100.8972_none_3e0da176e32f9d4b;C:\Program Files\Android\Android Studio1\jbr\bin\server;C:\Users\Nitin Jain\.gradle\native\660c5614fbf4a5f2a75b1949f50a0caf5cd603558e7d8a26e50b933a0cfb79d1\windows-amd64;C:\Users\Nitin Jain\.gradle\native\0.2.8\x86_64-windows-gnu

VM Arguments:
jvm_args: --add-opens=java.base/java.lang=ALL-UNNAMED --add-opens=java.base/java.lang.invoke=ALL-UNNAMED --add-opens=java.base/java.util=ALL-UNNAMED --add-opens=java.prefs/java.util.prefs=ALL-UNNAMED --add-exports=jdk.compiler/com.sun.tools.javac.api=ALL-UNNAMED --add-exports=jdk.compiler/com.sun.tools.javac.util=ALL-UNNAMED --add-opens=java.base/java.nio.charset=ALL-UNNAMED --add-opens=java.base/java.net=ALL-UNNAMED --add-opens=java.base/java.util.concurrent=ALL-UNNAMED --add-opens=java.base/java.util.concurrent.atomic=ALL-UNNAMED --add-opens=java.xml/javax.xml.namespace=ALL-UNNAMED --add-opens=java.base/java.time=ALL-UNNAMED --enable-native-access=ALL-UNNAMED -Xmx4048m -Dfile.encoding=UTF-8 -Duser.country=IN -Duser.language=en -Duser.variant -javaagent:C:\Users\Nitin Jain\.gradle\wrapper\dists\gradle-9.5.0-bin\bvnork1r7n8i6kp5cnkibsc9q\gradle-9.5.0\lib\agents\gradle-instrumentation-agent-9.5.0.jar 
java_command: org.gradle.launcher.daemon.bootstrap.GradleDaemon 9.5.0
java_class_path (initial): C:\Users\Nitin Jain\.gradle\wrapper\dists\gradle-9.5.0-bin\bvnork1r7n8i6kp5cnkibsc9q\gradle-9.5.0\lib\gradle-daemon-main-9.5.0.jar
Launcher Type: SUN_STANDARD

[Global flags]
     intx CICompilerCount                          = 3                                         {product} {ergonomic}
     uint ConcGCThreads                            = 1                                         {product} {ergonomic}
     uint G1ConcRefinementThreads                  = 4                                         {product} {ergonomic}
   size_t G1HeapRegionSize                         = 2097152                                   {product} {ergonomic}
   size_t InitialHeapSize                          = 65011712                                  {product} {ergonomic}
   size_t MarkStackSize                            = 4194304                                   {product} {ergonomic}
   size_t MarkStackSizeMax                         = 536870912                                 {product} {ergonomic}
   size_t MaxHeapSize                              = 4244635648                                {product} {command line}
   size_t MaxNewSize                               = 2545942528                                {product} {ergonomic}
   size_t MinHeapDeltaBytes                        = 2097152                                   {product} {ergonomic}
   size_t MinHeapSize                              = 8388608                                   {product} {ergonomic}
    uintx NonNMethodCodeHeapSize                   = 5832704                                {pd product} {ergonomic}
    uintx NonProfiledCodeHeapSize                  = 122945536                              {pd product} {ergonomic}
    uintx ProfiledCodeHeapSize                     = 122880000                              {pd product} {ergonomic}
    uintx ReservedCodeCacheSize                    = 251658240                              {pd product} {ergonomic}
     bool SegmentedCodeCache                       = true                                      {product} {ergonomic}
   size_t SoftMaxHeapSize                          = 4244635648                             {manageable} {ergonomic}
     bool UseCompressedOops                        = true                           {product lp64_product} {ergonomic}
     bool UseG1GC                                  = true                                      {product} {ergonomic}
     bool UseLargePagesIndividualAllocation        = false                                  {pd product} {ergonomic}

Logging:
Log output configuration:
 #0: stdout all=warning uptime,level,tags foldmultilines=false
 #1: stderr all=off uptime,level,tags foldmultilines=false

Release file:
JAVA_VERSION="25.0.2" 
MODULES="java.base java.compiler java.datatransfer java.xml java.prefs java.desktop java.instrument java.logging java.management java.security.sasl java.naming java.rmi java.management.rmi java.net.http java.scripting java.security.jgss java.transaction.xa java.sql java.sql.rowset java.xml.crypto java.se java.smartcardio jdk.accessibility jdk.internal.jvmstat jdk.attach jdk.charsets jdk.internal.opt jdk.zipfs jdk.compiler jdk.crypto.cryptoki jdk.crypto.ec jdk.dynalink jdk.hotspot.agent jdk.httpserver jdk.internal.ed jdk.internal.le jdk.internal.md jdk.internal.vm.ci jdk.jartool jdk.javadoc jdk.jcmd jdk.jdeps jdk.jdwp.agent jdk.jdi jdk.jfr jdk.jlink jdk.localedata jdk.management jdk.management.agent jdk.management.jfr jdk.naming.dns jdk.naming.rmi jdk.net jdk.sctp jdk.security.auth jdk.security.jgss jdk.unsupported jdk.unsupported.desktop jdk.xml.dom" 
IMPLEMENTOR="JetBrains s.r.o." 
JAVA_RUNTIME_VERSION="25.0.2+-15348964-b329.117" 
LIBC="default" 
OS_ARCH="x86_64" 
OS_NAME="Windows" 
SOURCE=".:git:3cf398e84a39" 

Environment Variables:
PATH=C:\WINDOWS\system32;C:\WINDOWS;C:\WINDOWS\System32\Wbem;C:\WINDOWS\System32\WindowsPowerShell\v1.0\;C:\WINDOWS\System32\OpenSSH\;C:\Program Files\dotnet\;C:\Users\Nitin Jain\AppData\Local\Programs\Python\Python314\;C:\Users\Nitin Jain\AppData\Local\Programs\Python\Python314\Scripts\;C:\Program Files\Git\cmd;C:\Program Files\PowerShell\7-preview\preview;C:\Program Files\nodejs\;C:\ProgramData\chocolatey\bin;C:\Program Files\GitHub CLI\;C:\Program Files\PowerShell\7\;C:\Users\Nitin Jain\AppData\Local\agy\bin;C:\WINDOWS\system32;C:\WINDOWS;C:\WINDOWS\System32\Wbem;C:\WINDOWS\System32\WindowsPowerShell\v1.0\;C:\WINDOWS\System32\OpenSSH\;C:\Program Files\dotnet\;C:\Users\Nitin Jain\AppData\Local\Programs\Python\Launcher\;C:\Users\Nitin Jain\AppData\Local\Microsoft\WindowsApps;C:\Users\Nitin Jain\AppData\Local\Programs\Python\Python314;C:\Users\Nitin Jain\AppData\Local\Programs\Python\Python314\Scripts;C:\Users\Nitin Jain\AppData\Local\Programs\Microsoft VS Code\bin;C:\Users\Nitin Jain\AppData\Local\Google\Cloud SDK\google-cloud-sdk\bin;C:\Users\Nitin Jain\.fly\bin;C:\Users\Nitin Jain\AppData\Local\GitHubDesktop\bin;C:\Users\Nitin Jain\AppData\Roaming\npm
USERNAME=Nitin Jain
OS=Windows_NT
PROCESSOR_IDENTIFIER=Intel64 Family 6 Model 142 Stepping 12, GenuineIntel
TMP=C:\Users\NITINJ~1\AppData\Local\Temp
TEMP=C:\Users\NITINJ~1\AppData\Local\Temp




Compilation memory statistics disabled.

Periodic native trim disabled

JNI global refs:
JNI global refs: 20, weak refs: 2

JNI global refs memory usage: 835, weak refs: 833

Process memory usage:
Resident Set Size: 185208K (4% of 4000564K total physical memory with 137680K free physical memory)

OOME stack traces (most recent first):
Classloader memory used:
Loader bootstrap                                                                       : 18001 K
Loader org.gradle.internal.classloader.VisitableURLClassLoader                         : 14388 K
Loader org.gradle.initialization.MixInLegacyTypesClassLoader                           : 2149 K
Loader jdk.internal.loader.ClassLoaders$AppClassLoader                                 : 186 K
Loader jdk.internal.loader.ClassLoaders$PlatformClassLoader                            : 119 K

Classes loaded by more than one classloader:
Class org.gradle.internal.classloader.FilteringClassLoader                            : loaded 2 times (x 106B)
Class org.gradle.internal.classloader.ClassLoaderHierarchy                            : loaded 2 times (x 72B)
Class org.gradle.internal.classloader.DefaultClassLoaderFactory                       : loaded 2 times (x 84B)
Class org.gradle.api.internal.DefaultClassPathProvider                                : loaded 2 times (x 78B)
Class [Lorg.gradle.api.internal.ClassPathProvider;                                    : loaded 2 times (x 71B)
Class org.gradle.api.internal.ClassPathProvider                                       : loaded 2 times (x 72B)
Class org.gradle.internal.service.UnknownServiceException                             : loaded 2 times (x 85B)
Class org.gradle.internal.classpath.TransformedClassPath                              : loaded 2 times (x 98B)
Class org.gradle.internal.classloader.InstrumentingClassLoader                        : loaded 2 times (x 72B)
Class org.gradle.internal.service.ServiceLocator                                      : loaded 2 times (x 72B)
Class org.gradle.api.internal.classpath.DefaultModuleRegistry$DefaultModule           : loaded 2 times (x 84B)
Class org.gradle.api.internal.classpath.Module                                        : loaded 2 times (x 72B)
Class org.gradle.api.internal.classpath.UnknownModuleException                        : loaded 2 times (x 84B)
Class org.gradle.api.internal.DefaultClassPathRegistry                                : loaded 2 times (x 78B)
Class org.gradle.internal.classpath.DefaultClassPath$ImmutableUniqueList              : loaded 2 times (x 201B)
Class org.gradle.api.internal.ClassPathRegistry                                       : loaded 2 times (x 72B)
Class org.gradle.internal.classpath.ClassPath                                         : loaded 2 times (x 72B)
Class org.gradle.api.internal.classpath.DefaultModuleRegistry$DefaultModuleAlias      : loaded 2 times (x 82B)
Class org.gradle.api.internal.classpath.ModuleRegistry                                : loaded 2 times (x 72B)
Class org.gradle.internal.installation.GradleInstallation$1                           : loaded 2 times (x 77B)
Class org.gradle.api.internal.classpath.DefaultModuleRegistry                         : loaded 2 times (x 86B)
Class org.gradle.internal.service.ServiceLookupException                              : loaded 2 times (x 84B)
Class org.gradle.internal.classloader.ClassLoaderFactory                              : loaded 2 times (x 72B)
Class org.gradle.internal.service.CachingServiceLocator                               : loaded 2 times (x 84B)
Class org.gradle.internal.classloader.ClasspathUtil                                   : loaded 2 times (x 73B)
Class org.gradle.api.specs.Spec                                                       : loaded 2 times (x 72B)
Class org.gradle.internal.classloader.VisitableURLClassLoader$InstrumentingVisitableURLClassLoader: loaded 2 times (x 124B)
Class org.gradle.internal.classloader.VisitableURLClassLoader$Spec                    : loaded 2 times (x 76B)
Class org.gradle.internal.classpath.DefaultClassPath                                  : loaded 2 times (x 92B)
Class org.gradle.internal.classloader.ClassLoaderSpec                                 : loaded 2 times (x 73B)
Class org.gradle.api.internal.classpath.Module$ModuleAlias                            : loaded 2 times (x 72B)
Class org.gradle.internal.classloader.VisitableURLClassLoader                         : loaded 2 times (x 118B)
Class org.gradle.internal.Cast                                                        : loaded 2 times (x 73B)
Class org.gradle.api.Action                                                           : loaded 2 times (x 72B)
Class org.gradle.internal.classpath.DefaultClassPath$ImmutableUniqueList$Builder      : loaded 2 times (x 77B)
Class org.gradle.api.GradleException                                                  : loaded 2 times (x 84B)
Class org.gradle.internal.IoActions                                                   : loaded 2 times (x 73B)
Class org.gradle.internal.installation.CurrentGradleInstallationLocator               : loaded 2 times (x 73B)
Class org.gradle.internal.service.DefaultServiceLocator                               : loaded 2 times (x 85B)
Class org.gradle.internal.installation.CurrentGradleInstallation                      : loaded 2 times (x 75B)
Class org.gradle.util.internal.GUtil                                                  : loaded 2 times (x 73B)
Class org.gradle.internal.installation.GradleInstallation                             : loaded 2 times (x 77B)

---------------  S Y S T E M  ---------------

OS:
 Windows 11 , 64 bit Build 26100 (10.0.26100.8972)
OS uptime: 0 days 18:12 hours
Hyper-V role detected

CPU: total 4 (initial active 4) (2 cores per cpu, 2 threads per core) family 6 model 142 stepping 12 microcode 0xfa, cx8, cmov, fxsr, ht, mmx, 3dnowpref, sse, sse2, sse3, ssse3, sse4.1, sse4.2, popcnt, lzcnt, tsc, tscinvbit, avx, avx2, aes, erms, clmul, bmi1, bmi2, adx, fma, vzeroupper, clflush, clflushopt, hv, rdtscp, f16c
Processor Information for the first 4 processors :
  Max Mhz: 2304, Current Mhz: 2103, Mhz Limit: 2096

Memory: 4k page, system-wide physical 3906M (135M free)
TotalPageFile size 15682M (AvailPageFile size 22M)
current process WorkingSet (physical memory assigned to process): 181M, peak: 181M
current process commit charge ("private bytes"): 226M, peak: 241M

vm_info: OpenJDK 64-Bit Server VM (25.0.2+-15348964-b329.117) for windows-amd64 JRE (25.0.2+-15348964-b329.117), built on 2026-05-05T18:25:19Z with MS VC++ 16.10 / 16.11 (VS2019)

END.
